Nov 11 07:46:51 fedora kernel: Linux version 6.5.6-300.fc39.x86_64 (mockbuild@fe458d2eae0b4ff0bb0a00a41dbf9744) (gcc (GCC) 13.2.1 20230918 (Red Hat 13.2.1-3), GNU ld version 2.40-13.fc39) #1 SMP PREEMPT_DYNAMIC Fri Oct  6 19:57:21 UTC 2023
Nov 11 07:46:51 fedora kernel: Command line: inst.method=https://kojipkgs.fedoraproject.org/compose/39/latest-Fedora-39/compose/Everything/x86_64/os/ inst.ks=file:/ks.cfg
Nov 11 07:46:51 fedora kernel: BIOS-provided physical RAM map:
Nov 11 07:46:51 fedora kernel: BIOS-e820: [mem 0x0000000000000000-0x000000000009fbff] usable
Nov 11 07:46:51 fedora kernel: BIOS-e820: [mem 0x000000000009fc00-0x000000000009ffff] reserved
Nov 11 07:46:51 fedora kernel: BIOS-e820: [mem 0x00000000000f0000-0x00000000000fffff] reserved
Nov 11 07:46:51 fedora kernel: BIOS-e820: [mem 0x0000000000100000-0x00000000bffdafff] usable
Nov 11 07:46:51 fedora kernel: BIOS-e820: [mem 0x00000000bffdb000-0x00000000bfffffff] reserved
Nov 11 07:46:51 fedora kernel: BIOS-e820: [mem 0x00000000feffc000-0x00000000feffffff] reserved
Nov 11 07:46:51 fedora kernel: BIOS-e820: [mem 0x00000000fffc0000-0x00000000ffffffff] reserved
Nov 11 07:46:51 fedora kernel: BIOS-e820: [mem 0x0000000100000000-0x000000023fffffff] usable
Nov 11 07:46:51 fedora kernel: NX (Execute Disable) protection: active
Nov 11 07:46:51 fedora kernel: SMBIOS 2.8 present.
Nov 11 07:46:51 fedora kernel: DMI: QEMU Standard PC (i440FX + PIIX, 1996), BIOS 1.16.2-1.fc38 04/01/2014
Nov 11 07:46:51 fedora kernel: Hypervisor detected: KVM
Nov 11 07:46:51 fedora kernel: kvm-clock: Using msrs 4b564d01 and 4b564d00
Nov 11 07:46:51 fedora kernel: kvm-clock: using sched offset of 1825712825 cycles
Nov 11 07:46:51 fedora kernel: clocksource: kvm-clock: mask: 0xffffffffffffffff max_cycles: 0x1cd42e4dffb, max_idle_ns: 881590591483 ns
Nov 11 07:46:51 fedora kernel: tsc: Detected 2095.078 MHz processor
Nov 11 07:46:51 fedora kernel: e820: update [mem 0x00000000-0x00000fff] usable ==> reserved
Nov 11 07:46:51 fedora kernel: e820: remove [mem 0x000a0000-0x000fffff] usable
Nov 11 07:46:51 fedora kernel: last_pfn = 0x240000 max_arch_pfn = 0x400000000
Nov 11 07:46:51 fedora kernel: MTRR map: 4 entries (3 fixed + 1 variable; max 19), built from 8 variable MTRRs
Nov 11 07:46:51 fedora kernel: x86/PAT: Configuration [0-7]: WB  WC  UC- UC  WB  WP  UC- WT  
Nov 11 07:46:51 fedora kernel: last_pfn = 0xbffdb max_arch_pfn = 0x400000000
Nov 11 07:46:51 fedora kernel: found SMP MP-table at [mem 0x000f5ad0-0x000f5adf]
Nov 11 07:46:51 fedora kernel: Using GB pages for direct mapping
Nov 11 07:46:51 fedora kernel: RAMDISK: [mem 0xb9af6000-0xbffcffff]
Nov 11 07:46:51 fedora kernel: ACPI: Early table checksum verification disabled
Nov 11 07:46:51 fedora kernel: ACPI: RSDP 0x00000000000F5A90 000014 (v00 BOCHS )
Nov 11 07:46:51 fedora kernel: ACPI: RSDT 0x00000000BFFE194C 000034 (v01 BOCHS  BXPC     00000001 BXPC 00000001)
Nov 11 07:46:51 fedora kernel: ACPI: FACP 0x00000000BFFE17D8 000074 (v01 BOCHS  BXPC     00000001 BXPC 00000001)
Nov 11 07:46:51 fedora kernel: ACPI: DSDT 0x00000000BFFDFD40 001A98 (v01 BOCHS  BXPC     00000001 BXPC 00000001)
Nov 11 07:46:51 fedora kernel: ACPI: FACS 0x00000000BFFDFD00 000040
Nov 11 07:46:51 fedora kernel: ACPI: APIC 0x00000000BFFE184C 0000A0 (v01 BOCHS  BXPC     00000001 BXPC 00000001)
Nov 11 07:46:51 fedora kernel: ACPI: HPET 0x00000000BFFE18EC 000038 (v01 BOCHS  BXPC     00000001 BXPC 00000001)
Nov 11 07:46:51 fedora kernel: ACPI: WAET 0x00000000BFFE1924 000028 (v01 BOCHS  BXPC     00000001 BXPC 00000001)
Nov 11 07:46:51 fedora kernel: ACPI: Reserving FACP table memory at [mem 0xbffe17d8-0xbffe184b]
Nov 11 07:46:51 fedora kernel: ACPI: Reserving DSDT table memory at [mem 0xbffdfd40-0xbffe17d7]
Nov 11 07:46:51 fedora kernel: ACPI: Reserving FACS table memory at [mem 0xbffdfd00-0xbffdfd3f]
Nov 11 07:46:51 fedora kernel: ACPI: Reserving APIC table memory at [mem 0xbffe184c-0xbffe18eb]
Nov 11 07:46:51 fedora kernel: ACPI: Reserving HPET table memory at [mem 0xbffe18ec-0xbffe1923]
Nov 11 07:46:51 fedora kernel: ACPI: Reserving WAET table memory at [mem 0xbffe1924-0xbffe194b]
Nov 11 07:46:51 fedora kernel: No NUMA configuration found
Nov 11 07:46:51 fedora kernel: Faking a node at [mem 0x0000000000000000-0x000000023fffffff]
Nov 11 07:46:51 fedora kernel: NODE_DATA(0) allocated [mem 0x23ffd5000-0x23fffffff]
Nov 11 07:46:51 fedora kernel: Zone ranges:
Nov 11 07:46:51 fedora kernel:   DMA      [mem 0x0000000000001000-0x0000000000ffffff]
Nov 11 07:46:51 fedora kernel:   DMA32    [mem 0x0000000001000000-0x00000000ffffffff]
Nov 11 07:46:51 fedora kernel:   Normal   [mem 0x0000000100000000-0x000000023fffffff]
Nov 11 07:46:51 fedora kernel:   Device   empty
Nov 11 07:46:51 fedora kernel: Movable zone start for each node
Nov 11 07:46:51 fedora kernel: Early memory node ranges
Nov 11 07:46:51 fedora kernel:   node   0: [mem 0x0000000000001000-0x000000000009efff]
Nov 11 07:46:51 fedora kernel:   node   0: [mem 0x0000000000100000-0x00000000bffdafff]
Nov 11 07:46:51 fedora kernel:   node   0: [mem 0x0000000100000000-0x000000023fffffff]
Nov 11 07:46:51 fedora kernel: Initmem setup node 0 [mem 0x0000000000001000-0x000000023fffffff]
Nov 11 07:46:51 fedora kernel: On node 0, zone DMA: 1 pages in unavailable ranges
Nov 11 07:46:51 fedora kernel: On node 0, zone DMA: 97 pages in unavailable ranges
Nov 11 07:46:51 fedora kernel: On node 0, zone Normal: 37 pages in unavailable ranges
Nov 11 07:46:51 fedora kernel: ACPI: PM-Timer IO Port: 0x608
Nov 11 07:46:51 fedora kernel: ACPI: LAPIC_NMI (acpi_id[0xff] dfl dfl lint[0x1])
Nov 11 07:46:51 fedora kernel: IOAPIC[0]: apic_id 0, version 17, address 0xfec00000, GSI 0-23
Nov 11 07:46:51 fedora kernel: ACPI: INT_SRC_OVR (bus 0 bus_irq 0 global_irq 2 dfl dfl)
Nov 11 07:46:51 fedora kernel: ACPI: INT_SRC_OVR (bus 0 bus_irq 5 global_irq 5 high level)
Nov 11 07:46:51 fedora kernel: ACPI: INT_SRC_OVR (bus 0 bus_irq 9 global_irq 9 high level)
Nov 11 07:46:51 fedora kernel: ACPI: INT_SRC_OVR (bus 0 bus_irq 10 global_irq 10 high level)
Nov 11 07:46:51 fedora kernel: ACPI: INT_SRC_OVR (bus 0 bus_irq 11 global_irq 11 high level)
Nov 11 07:46:51 fedora kernel: ACPI: Using ACPI (MADT) for SMP configuration information
Nov 11 07:46:51 fedora kernel: ACPI: HPET id: 0x8086a201 base: 0xfed00000
Nov 11 07:46:51 fedora kernel: TSC deadline timer available
Nov 11 07:46:51 fedora kernel: smpboot: Allowing 6 CPUs, 0 hotplug CPUs
Nov 11 07:46:51 fedora kernel: kvm-guest: KVM setup pv remote TLB flush
Nov 11 07:46:51 fedora kernel: kvm-guest: setup PV sched yield
Nov 11 07:46:51 fedora kernel: PM: hibernation: Registered nosave memory: [mem 0x00000000-0x00000fff]
Nov 11 07:46:51 fedora kernel: PM: hibernation: Registered nosave memory: [mem 0x0009f000-0x0009ffff]
Nov 11 07:46:51 fedora kernel: PM: hibernation: Registered nosave memory: [mem 0x000a0000-0x000effff]
Nov 11 07:46:51 fedora kernel: PM: hibernation: Registered nosave memory: [mem 0x000f0000-0x000fffff]
Nov 11 07:46:51 fedora kernel: PM: hibernation: Registered nosave memory: [mem 0xbffdb000-0xbfffffff]
Nov 11 07:46:51 fedora kernel: PM: hibernation: Registered nosave memory: [mem 0xc0000000-0xfeffbfff]
Nov 11 07:46:51 fedora kernel: PM: hibernation: Registered nosave memory: [mem 0xfeffc000-0xfeffffff]
Nov 11 07:46:51 fedora kernel: PM: hibernation: Registered nosave memory: [mem 0xff000000-0xfffbffff]
Nov 11 07:46:51 fedora kernel: PM: hibernation: Registered nosave memory: [mem 0xfffc0000-0xffffffff]
Nov 11 07:46:51 fedora kernel: [mem 0xc0000000-0xfeffbfff] available for PCI devices
Nov 11 07:46:51 fedora kernel: Booting paravirtualized kernel on KVM
Nov 11 07:46:51 fedora kernel: clocksource: refined-jiffies: mask: 0xffffffff max_cycles: 0xffffffff, max_idle_ns: 1910969940391419 ns
Nov 11 07:46:51 fedora kernel: setup_percpu: NR_CPUS:8192 nr_cpumask_bits:6 nr_cpu_ids:6 nr_node_ids:1
Nov 11 07:46:51 fedora kernel: percpu: Embedded 64 pages/cpu s225280 r8192 d28672 u262144
Nov 11 07:46:51 fedora kernel: pcpu-alloc: s225280 r8192 d28672 u262144 alloc=1*2097152
Nov 11 07:46:51 fedora kernel: pcpu-alloc: [0] 0 1 2 3 4 5 - - 
Nov 11 07:46:51 fedora kernel: kvm-guest: PV spinlocks enabled
Nov 11 07:46:51 fedora kernel: PV qspinlock hash table entries: 256 (order: 0, 4096 bytes, linear)
Nov 11 07:46:51 fedora kernel: Kernel command line: inst.method=https://kojipkgs.fedoraproject.org/compose/39/latest-Fedora-39/compose/Everything/x86_64/os/ inst.ks=file:/ks.cfg
Nov 11 07:46:51 fedora kernel: random: crng init done
Nov 11 07:46:51 fedora kernel: Dentry cache hash table entries: 1048576 (order: 11, 8388608 bytes, linear)
Nov 11 07:46:51 fedora kernel: Inode-cache hash table entries: 524288 (order: 10, 4194304 bytes, linear)
Nov 11 07:46:51 fedora kernel: Fallback order for Node 0: 0 
Nov 11 07:46:51 fedora kernel: Built 1 zonelists, mobility grouping on.  Total pages: 2064091
Nov 11 07:46:51 fedora kernel: Policy zone: Normal
Nov 11 07:46:51 fedora kernel: mem auto-init: stack:all(zero), heap alloc:off, heap free:off
Nov 11 07:46:51 fedora kernel: software IO TLB: area num 8.
Nov 11 07:46:51 fedora kernel: Memory: 8004760K/8388068K available (18432K kernel code, 3276K rwdata, 14436K rodata, 4508K init, 17396K bss, 383048K reserved, 0K cma-reserved)
Nov 11 07:46:51 fedora kernel: SLUB: HWalign=64, Order=0-3, MinObjects=0, CPUs=6, Nodes=1
Nov 11 07:46:51 fedora kernel: ftrace: allocating 53440 entries in 209 pages
Nov 11 07:46:51 fedora kernel: ftrace: allocated 209 pages with 4 groups
Nov 11 07:46:51 fedora kernel: Dynamic Preempt: voluntary
Nov 11 07:46:51 fedora kernel: rcu: Preemptible hierarchical RCU implementation.
Nov 11 07:46:51 fedora kernel: rcu:         RCU restricting CPUs from NR_CPUS=8192 to nr_cpu_ids=6.
Nov 11 07:46:51 fedora kernel:         Trampoline variant of Tasks RCU enabled.
Nov 11 07:46:51 fedora kernel:         Rude variant of Tasks RCU enabled.
Nov 11 07:46:51 fedora kernel:         Tracing variant of Tasks RCU enabled.
Nov 11 07:46:51 fedora kernel: rcu: RCU calculated value of scheduler-enlistment delay is 100 jiffies.
Nov 11 07:46:51 fedora kernel: rcu: Adjusting geometry for rcu_fanout_leaf=16, nr_cpu_ids=6
Nov 11 07:46:51 fedora kernel: NR_IRQS: 524544, nr_irqs: 472, preallocated irqs: 16
Nov 11 07:46:51 fedora kernel: rcu: srcu_init: Setting srcu_struct sizes based on contention.
Nov 11 07:46:51 fedora kernel: kfence: initialized - using 2097152 bytes for 255 objects at 0x(____ptrval____)-0x(____ptrval____)
Nov 11 07:46:51 fedora kernel: Console: colour VGA+ 80x25
Nov 11 07:46:51 fedora kernel: printk: console [tty0] enabled
Nov 11 07:46:51 fedora kernel: ACPI: Core revision 20230331
Nov 11 07:46:51 fedora kernel: clocksource: hpet: mask: 0xffffffff max_cycles: 0xffffffff, max_idle_ns: 19112604467 ns
Nov 11 07:46:51 fedora kernel: APIC: Switch to symmetric I/O mode setup
Nov 11 07:46:51 fedora kernel: x2apic enabled
Nov 11 07:46:51 fedora kernel: Switched APIC routing to physical x2apic.
Nov 11 07:46:51 fedora kernel: kvm-guest: setup PV IPIs
Nov 11 07:46:51 fedora kernel: ..TIMER: vector=0x30 apic1=0 pin1=2 apic2=-1 pin2=-1
Nov 11 07:46:51 fedora kernel: clocksource: tsc-early: mask: 0xffffffffffffffff max_cycles: 0x1e3306b9ada, max_idle_ns: 440795224413 ns
Nov 11 07:46:51 fedora kernel: Calibrating delay loop (skipped) preset value.. 4190.15 BogoMIPS (lpj=2095078)
Nov 11 07:46:51 fedora kernel: x86/cpu: User Mode Instruction Prevention (UMIP) activated
Nov 11 07:46:51 fedora kernel: Last level iTLB entries: 4KB 0, 2MB 0, 4MB 0
Nov 11 07:46:51 fedora kernel: Last level dTLB entries: 4KB 0, 2MB 0, 4MB 0, 1GB 0
Nov 11 07:46:51 fedora kernel: Spectre V1 : Mitigation: usercopy/swapgs barriers and __user pointer sanitization
Nov 11 07:46:51 fedora kernel: Spectre V2 : Mitigation: Enhanced / Automatic IBRS
Nov 11 07:46:51 fedora kernel: Spectre V2 : Spectre v2 / SpectreRSB mitigation: Filling RSB on context switch
Nov 11 07:46:51 fedora kernel: Spectre V2 : Spectre v2 / PBRSB-eIBRS: Retire a single CALL on VMEXIT
Nov 11 07:46:51 fedora kernel: RETBleed: Mitigation: Enhanced IBRS
Nov 11 07:46:51 fedora kernel: Spectre V2 : mitigation: Enabling conditional Indirect Branch Prediction Barrier
Nov 11 07:46:51 fedora kernel: Speculative Store Bypass: Mitigation: Speculative Store Bypass disabled via prctl
Nov 11 07:46:51 fedora kernel: TAA: Mitigation: TSX disabled
Nov 11 07:46:51 fedora kernel: MMIO Stale Data: Vulnerable: Clear CPU buffers attempted, no microcode
Nov 11 07:46:51 fedora kernel: GDS: Unknown: Dependent on hypervisor status
Nov 11 07:46:51 fedora kernel: x86/fpu: Supporting XSAVE feature 0x001: 'x87 floating point registers'
Nov 11 07:46:51 fedora kernel: x86/fpu: Supporting XSAVE feature 0x002: 'SSE registers'
Nov 11 07:46:51 fedora kernel: x86/fpu: Supporting XSAVE feature 0x004: 'AVX registers'
Nov 11 07:46:51 fedora kernel: x86/fpu: Supporting XSAVE feature 0x020: 'AVX-512 opmask'
Nov 11 07:46:51 fedora kernel: x86/fpu: Supporting XSAVE feature 0x040: 'AVX-512 Hi256'
Nov 11 07:46:51 fedora kernel: x86/fpu: Supporting XSAVE feature 0x080: 'AVX-512 ZMM_Hi256'
Nov 11 07:46:51 fedora kernel: x86/fpu: Supporting XSAVE feature 0x200: 'Protection Keys User registers'
Nov 11 07:46:51 fedora kernel: x86/fpu: xstate_offset[2]:  576, xstate_sizes[2]:  256
Nov 11 07:46:51 fedora kernel: x86/fpu: xstate_offset[5]:  832, xstate_sizes[5]:   64
Nov 11 07:46:51 fedora kernel: x86/fpu: xstate_offset[6]:  896, xstate_sizes[6]:  512
Nov 11 07:46:51 fedora kernel: x86/fpu: xstate_offset[7]: 1408, xstate_sizes[7]: 1024
Nov 11 07:46:51 fedora kernel: x86/fpu: xstate_offset[9]: 2432, xstate_sizes[9]:    8
Nov 11 07:46:51 fedora kernel: x86/fpu: Enabled xstate features 0x2e7, context size is 2440 bytes, using 'compacted' format.
Nov 11 07:46:51 fedora kernel: Freeing SMP alternatives memory: 48K
Nov 11 07:46:51 fedora kernel: pid_max: default: 32768 minimum: 301
Nov 11 07:46:51 fedora kernel: LSM: initializing lsm=lockdown,capability,yama,selinux,bpf,landlock,integrity
Nov 11 07:46:51 fedora kernel: Yama: becoming mindful.
Nov 11 07:46:51 fedora kernel: SELinux:  Initializing.
Nov 11 07:46:51 fedora kernel: LSM support for eBPF active
Nov 11 07:46:51 fedora kernel: landlock: Up and running.
Nov 11 07:46:51 fedora kernel: Mount-cache hash table entries: 16384 (order: 5, 131072 bytes, linear)
Nov 11 07:46:51 fedora kernel: Mountpoint-cache hash table entries: 16384 (order: 5, 131072 bytes, linear)
Nov 11 07:46:51 fedora kernel: smpboot: CPU0: Intel Xeon Processor (Cascadelake) (family: 0x6, model: 0x55, stepping: 0x6)
Nov 11 07:46:51 fedora kernel: RCU Tasks: Setting shift to 3 and lim to 1 rcu_task_cb_adjust=1.
Nov 11 07:46:51 fedora kernel: RCU Tasks Rude: Setting shift to 3 and lim to 1 rcu_task_cb_adjust=1.
Nov 11 07:46:51 fedora kernel: RCU Tasks Trace: Setting shift to 3 and lim to 1 rcu_task_cb_adjust=1.
Nov 11 07:46:51 fedora kernel: Performance Events: unsupported p6 CPU model 85 no PMU driver, software events only.
Nov 11 07:46:51 fedora kernel: signal: max sigframe size: 3632
Nov 11 07:46:51 fedora kernel: rcu: Hierarchical SRCU implementation.
Nov 11 07:46:51 fedora kernel: rcu:         Max phase no-delay instances is 400.
Nov 11 07:46:51 fedora kernel: NMI watchdog: Perf NMI watchdog permanently disabled
Nov 11 07:46:51 fedora kernel: smp: Bringing up secondary CPUs ...
Nov 11 07:46:51 fedora kernel: smpboot: x86: Booting SMP configuration:
Nov 11 07:46:51 fedora kernel: .... node  #0, CPUs:      #1 #2 #3 #4 #5
Nov 11 07:46:51 fedora kernel: smpboot: CPU 1 Converting physical 0 to logical die 1
Nov 11 07:46:51 fedora kernel: smpboot: CPU 2 Converting physical 0 to logical die 2
Nov 11 07:46:51 fedora kernel: smpboot: CPU 3 Converting physical 0 to logical die 3
Nov 11 07:46:51 fedora kernel: smpboot: CPU 4 Converting physical 0 to logical die 4
Nov 11 07:46:51 fedora kernel: smpboot: CPU 5 Converting physical 0 to logical die 5
Nov 11 07:46:51 fedora kernel: smp: Brought up 1 node, 6 CPUs
Nov 11 07:46:51 fedora kernel: smpboot: Max logical packages: 6
Nov 11 07:46:51 fedora kernel: smpboot: Total of 6 processors activated (25140.93 BogoMIPS)
Nov 11 07:46:51 fedora kernel: devtmpfs: initialized
Nov 11 07:46:51 fedora kernel: x86/mm: Memory block size: 128MB
Nov 11 07:46:51 fedora kernel: clocksource: jiffies: mask: 0xffffffff max_cycles: 0xffffffff, max_idle_ns: 1911260446275000 ns
Nov 11 07:46:51 fedora kernel: futex hash table entries: 2048 (order: 5, 131072 bytes, linear)
Nov 11 07:46:51 fedora kernel: pinctrl core: initialized pinctrl subsystem
Nov 11 07:46:51 fedora kernel: PM: RTC time: 07:46:41, date: 2023-11-11
Nov 11 07:46:51 fedora kernel: NET: Registered PF_NETLINK/PF_ROUTE protocol family
Nov 11 07:46:51 fedora kernel: DMA: preallocated 1024 KiB GFP_KERNEL pool for atomic allocations
Nov 11 07:46:51 fedora kernel: DMA: preallocated 1024 KiB GFP_KERNEL|GFP_DMA pool for atomic allocations
Nov 11 07:46:51 fedora kernel: DMA: preallocated 1024 KiB GFP_KERNEL|GFP_DMA32 pool for atomic allocations
Nov 11 07:46:51 fedora kernel: audit: initializing netlink subsys (disabled)
Nov 11 07:46:51 fedora kernel: audit: type=2000 audit(1699688801.551:1): state=initialized audit_enabled=0 res=1
Nov 11 07:46:51 fedora kernel: thermal_sys: Registered thermal governor 'fair_share'
Nov 11 07:46:51 fedora kernel: thermal_sys: Registered thermal governor 'bang_bang'
Nov 11 07:46:51 fedora kernel: thermal_sys: Registered thermal governor 'step_wise'
Nov 11 07:46:51 fedora kernel: thermal_sys: Registered thermal governor 'user_space'
Nov 11 07:46:51 fedora kernel: cpuidle: using governor menu
Nov 11 07:46:51 fedora kernel: acpiphp: ACPI Hot Plug PCI Controller Driver version: 0.5
Nov 11 07:46:51 fedora kernel: PCI: Using configuration type 1 for base access
Nov 11 07:46:51 fedora kernel: kprobes: kprobe jump-optimization is enabled. All kprobes are optimized if possible.
Nov 11 07:46:51 fedora kernel: HugeTLB: registered 1.00 GiB page size, pre-allocated 0 pages
Nov 11 07:46:51 fedora kernel: HugeTLB: 16380 KiB vmemmap can be freed for a 1.00 GiB page
Nov 11 07:46:51 fedora kernel: HugeTLB: registered 2.00 MiB page size, pre-allocated 0 pages
Nov 11 07:46:51 fedora kernel: HugeTLB: 28 KiB vmemmap can be freed for a 2.00 MiB page
Nov 11 07:46:51 fedora kernel: cryptd: max_cpu_qlen set to 1000
Nov 11 07:46:51 fedora kernel: raid6: skipped pq benchmark and selected avx512x4
Nov 11 07:46:51 fedora kernel: raid6: using avx512x2 recovery algorithm
Nov 11 07:46:51 fedora kernel: ACPI: Added _OSI(Module Device)
Nov 11 07:46:51 fedora kernel: ACPI: Added _OSI(Processor Device)
Nov 11 07:46:51 fedora kernel: ACPI: Added _OSI(3.0 _SCP Extensions)
Nov 11 07:46:51 fedora kernel: ACPI: Added _OSI(Processor Aggregator Device)
Nov 11 07:46:51 fedora kernel: ACPI: 1 ACPI AML tables successfully acquired and loaded
Nov 11 07:46:51 fedora kernel: ACPI: Interpreter enabled
Nov 11 07:46:51 fedora kernel: ACPI: PM: (supports S0 S3 S4 S5)
Nov 11 07:46:51 fedora kernel: ACPI: Using IOAPIC for interrupt routing
Nov 11 07:46:51 fedora kernel: PCI: Using host bridge windows from ACPI; if necessary, use "pci=nocrs" and report a bug
Nov 11 07:46:51 fedora kernel: PCI: Using E820 reservations for host bridge windows
Nov 11 07:46:51 fedora kernel: ACPI: Enabled 2 GPEs in block 00 to 0F
Nov 11 07:46:51 fedora kernel: ACPI: PCI Root Bridge [PCI0] (domain 0000 [bus 00-ff])
Nov 11 07:46:51 fedora kernel: acpi PNP0A03:00: _OSC: OS supports [ASPM ClockPM Segments MSI EDR HPX-Type3]
Nov 11 07:46:51 fedora kernel: acpi PNP0A03:00: _OSC: not requesting OS control; OS requires [ExtendedConfig ASPM ClockPM MSI]
Nov 11 07:46:51 fedora kernel: acpi PNP0A03:00: fail to add MMCONFIG information, can't access extended configuration space under this bridge
Nov 11 07:46:51 fedora kernel: acpiphp: Slot [3] registered
Nov 11 07:46:51 fedora kernel: acpiphp: Slot [4] registered
Nov 11 07:46:51 fedora kernel: acpiphp: Slot [5] registered
Nov 11 07:46:51 fedora kernel: acpiphp: Slot [6] registered
Nov 11 07:46:51 fedora kernel: acpiphp: Slot [7] registered
Nov 11 07:46:51 fedora kernel: acpiphp: Slot [8] registered
Nov 11 07:46:51 fedora kernel: acpiphp: Slot [9] registered
Nov 11 07:46:51 fedora kernel: acpiphp: Slot [10] registered
Nov 11 07:46:51 fedora kernel: acpiphp: Slot [11] registered
Nov 11 07:46:51 fedora kernel: acpiphp: Slot [12] registered
Nov 11 07:46:51 fedora kernel: acpiphp: Slot [13] registered
Nov 11 07:46:51 fedora kernel: acpiphp: Slot [14] registered
Nov 11 07:46:51 fedora kernel: acpiphp: Slot [15] registered
Nov 11 07:46:51 fedora kernel: acpiphp: Slot [16] registered
Nov 11 07:46:51 fedora kernel: acpiphp: Slot [17] registered
Nov 11 07:46:51 fedora kernel: acpiphp: Slot [18] registered
Nov 11 07:46:51 fedora kernel: acpiphp: Slot [19] registered
Nov 11 07:46:51 fedora kernel: acpiphp: Slot [20] registered
Nov 11 07:46:51 fedora kernel: acpiphp: Slot [21] registered
Nov 11 07:46:51 fedora kernel: acpiphp: Slot [22] registered
Nov 11 07:46:51 fedora kernel: acpiphp: Slot [23] registered
Nov 11 07:46:51 fedora kernel: acpiphp: Slot [24] registered
Nov 11 07:46:51 fedora kernel: acpiphp: Slot [25] registered
Nov 11 07:46:51 fedora kernel: acpiphp: Slot [26] registered
Nov 11 07:46:51 fedora kernel: acpiphp: Slot [27] registered
Nov 11 07:46:51 fedora kernel: acpiphp: Slot [28] registered
Nov 11 07:46:51 fedora kernel: acpiphp: Slot [29] registered
Nov 11 07:46:51 fedora kernel: acpiphp: Slot [30] registered
Nov 11 07:46:51 fedora kernel: acpiphp: Slot [31] registered
Nov 11 07:46:51 fedora kernel: PCI host bridge to bus 0000:00
Nov 11 07:46:51 fedora kernel: pci_bus 0000:00: root bus resource [io  0x0000-0x0cf7 window]
Nov 11 07:46:51 fedora kernel: pci_bus 0000:00: root bus resource [io  0x0d00-0xffff window]
Nov 11 07:46:51 fedora kernel: pci_bus 0000:00: root bus resource [mem 0x000a0000-0x000bffff window]
Nov 11 07:46:51 fedora kernel: pci_bus 0000:00: root bus resource [mem 0xc0000000-0xfebfffff window]
Nov 11 07:46:51 fedora kernel: pci_bus 0000:00: root bus resource [mem 0x240000000-0x2bfffffff window]
Nov 11 07:46:51 fedora kernel: pci_bus 0000:00: root bus resource [bus 00-ff]
Nov 11 07:46:51 fedora kernel: pci 0000:00:00.0: [8086:1237] type 00 class 0x060000
Nov 11 07:46:51 fedora kernel: pci 0000:00:01.0: [8086:7000] type 00 class 0x060100
Nov 11 07:46:51 fedora kernel: pci 0000:00:01.1: [8086:7010] type 00 class 0x010180
Nov 11 07:46:51 fedora kernel: pci 0000:00:01.1: reg 0x20: [io  0xc160-0xc16f]
Nov 11 07:46:51 fedora kernel: pci 0000:00:01.1: legacy IDE quirk: reg 0x10: [io  0x01f0-0x01f7]
Nov 11 07:46:51 fedora kernel: pci 0000:00:01.1: legacy IDE quirk: reg 0x14: [io  0x03f6]
Nov 11 07:46:51 fedora kernel: pci 0000:00:01.1: legacy IDE quirk: reg 0x18: [io  0x0170-0x0177]
Nov 11 07:46:51 fedora kernel: pci 0000:00:01.1: legacy IDE quirk: reg 0x1c: [io  0x0376]
Nov 11 07:46:51 fedora kernel: pci 0000:00:01.2: [8086:7020] type 00 class 0x0c0300
Nov 11 07:46:51 fedora kernel: pci 0000:00:01.2: reg 0x20: [io  0xc100-0xc11f]
Nov 11 07:46:51 fedora kernel: pci 0000:00:01.3: [8086:7113] type 00 class 0x068000
Nov 11 07:46:51 fedora kernel: pci 0000:00:01.3: quirk: [io  0x0600-0x063f] claimed by PIIX4 ACPI
Nov 11 07:46:51 fedora kernel: pci 0000:00:01.3: quirk: [io  0x0700-0x070f] claimed by PIIX4 SMB
Nov 11 07:46:51 fedora kernel: pci 0000:00:01.3: quirk_piix4_acpi+0x0/0x180 took 11718 usecs
Nov 11 07:46:51 fedora kernel: pci 0000:00:02.0: [1013:00b8] type 00 class 0x030000
Nov 11 07:46:51 fedora kernel: pci 0000:00:02.0: reg 0x10: [mem 0xfc000000-0xfdffffff pref]
Nov 11 07:46:51 fedora kernel: pci 0000:00:02.0: reg 0x14: [mem 0xfebd0000-0xfebd0fff]
Nov 11 07:46:51 fedora kernel: pci 0000:00:02.0: reg 0x30: [mem 0xfebc0000-0xfebcffff pref]
Nov 11 07:46:51 fedora kernel: pci 0000:00:02.0: Video device with shadowed ROM at [mem 0x000c0000-0x000dffff]
Nov 11 07:46:51 fedora kernel: pci 0000:00:03.0: [1af4:1000] type 00 class 0x020000
Nov 11 07:46:51 fedora kernel: pci 0000:00:03.0: reg 0x10: [io  0xc120-0xc13f]
Nov 11 07:46:51 fedora kernel: pci 0000:00:03.0: reg 0x14: [mem 0xfebd1000-0xfebd1fff]
Nov 11 07:46:51 fedora kernel: pci 0000:00:03.0: reg 0x20: [mem 0xfe000000-0xfe003fff 64bit pref]
Nov 11 07:46:51 fedora kernel: pci 0000:00:03.0: reg 0x30: [mem 0xfeb80000-0xfebbffff pref]
Nov 11 07:46:51 fedora kernel: pci 0000:00:04.0: [1af4:1003] type 00 class 0x078000
Nov 11 07:46:51 fedora kernel: pci 0000:00:04.0: reg 0x10: [io  0xc080-0xc0bf]
Nov 11 07:46:51 fedora kernel: pci 0000:00:04.0: reg 0x14: [mem 0xfebd2000-0xfebd2fff]
Nov 11 07:46:51 fedora kernel: pci 0000:00:04.0: reg 0x20: [mem 0xfe004000-0xfe007fff 64bit pref]
Nov 11 07:46:52 fedora kernel: pci 0000:00:05.0: [1af4:1001] type 00 class 0x010000
Nov 11 07:46:52 fedora kernel: pci 0000:00:05.0: reg 0x10: [io  0xc000-0xc07f]
Nov 11 07:46:52 fedora kernel: pci 0000:00:05.0: reg 0x14: [mem 0xfebd3000-0xfebd3fff]
Nov 11 07:46:52 fedora kernel: pci 0000:00:05.0: reg 0x20: [mem 0xfe008000-0xfe00bfff 64bit pref]
Nov 11 07:46:52 fedora kernel: pci 0000:00:06.0: [1af4:1002] type 00 class 0x00ff00
Nov 11 07:46:52 fedora kernel: pci 0000:00:06.0: reg 0x10: [io  0xc0c0-0xc0ff]
Nov 11 07:46:52 fedora kernel: pci 0000:00:06.0: reg 0x20: [mem 0xfe00c000-0xfe00ffff 64bit pref]
Nov 11 07:46:52 fedora kernel: pci 0000:00:07.0: [1af4:1005] type 00 class 0x00ff00
Nov 11 07:46:52 fedora kernel: pci 0000:00:07.0: reg 0x10: [io  0xc140-0xc15f]
Nov 11 07:46:52 fedora kernel: pci 0000:00:07.0: reg 0x14: [mem 0xfebd4000-0xfebd4fff]
Nov 11 07:46:52 fedora kernel: pci 0000:00:07.0: reg 0x20: [mem 0xfe010000-0xfe013fff 64bit pref]
Nov 11 07:46:52 fedora kernel: ACPI: PCI: Interrupt link LNKA configured for IRQ 10
Nov 11 07:46:52 fedora kernel: ACPI: PCI: Interrupt link LNKB configured for IRQ 10
Nov 11 07:46:52 fedora kernel: ACPI: PCI: Interrupt link LNKC configured for IRQ 11
Nov 11 07:46:52 fedora kernel: ACPI: PCI: Interrupt link LNKD configured for IRQ 11
Nov 11 07:46:52 fedora kernel: ACPI: PCI: Interrupt link LNKS configured for IRQ 9
Nov 11 07:46:52 fedora kernel: iommu: Default domain type: Translated
Nov 11 07:46:52 fedora kernel: iommu: DMA domain TLB invalidation policy: lazy mode
Nov 11 07:46:52 fedora kernel: SCSI subsystem initialized
Nov 11 07:46:52 fedora kernel: libata version 3.00 loaded.
Nov 11 07:46:52 fedora kernel: ACPI: bus type USB registered
Nov 11 07:46:52 fedora kernel: usbcore: registered new interface driver usbfs
Nov 11 07:46:52 fedora kernel: usbcore: registered new interface driver hub
Nov 11 07:46:52 fedora kernel: usbcore: registered new device driver usb
Nov 11 07:46:52 fedora kernel: pps_core: LinuxPPS API ver. 1 registered
Nov 11 07:46:52 fedora kernel: pps_core: Software ver. 5.3.6 - Copyright 2005-2007 Rodolfo Giometti <giometti@linux.it>
Nov 11 07:46:52 fedora kernel: PTP clock support registered
Nov 11 07:46:52 fedora kernel: EDAC MC: Ver: 3.0.0
Nov 11 07:46:52 fedora kernel: NetLabel: Initializing
Nov 11 07:46:52 fedora kernel: NetLabel:  domain hash size = 128
Nov 11 07:46:52 fedora kernel: NetLabel:  protocols = UNLABELED CIPSOv4 CALIPSO
Nov 11 07:46:52 fedora kernel: NetLabel:  unlabeled traffic allowed by default
Nov 11 07:46:52 fedora kernel: mctp: management component transport protocol core
Nov 11 07:46:52 fedora kernel: NET: Registered PF_MCTP protocol family
Nov 11 07:46:52 fedora kernel: PCI: Using ACPI for IRQ routing
Nov 11 07:46:52 fedora kernel: PCI: pci_cache_line_size set to 64 bytes
Nov 11 07:46:52 fedora kernel: e820: reserve RAM buffer [mem 0x0009fc00-0x0009ffff]
Nov 11 07:46:52 fedora kernel: e820: reserve RAM buffer [mem 0xbffdb000-0xbfffffff]
Nov 11 07:46:52 fedora kernel: pci 0000:00:02.0: vgaarb: setting as boot VGA device
Nov 11 07:46:52 fedora kernel: pci 0000:00:02.0: vgaarb: bridge control possible
Nov 11 07:46:52 fedora kernel: pci 0000:00:02.0: vgaarb: VGA device added: decodes=io+mem,owns=io+mem,locks=none
Nov 11 07:46:52 fedora kernel: vgaarb: loaded
Nov 11 07:46:52 fedora kernel: hpet0: at MMIO 0xfed00000, IRQs 2, 8, 0
Nov 11 07:46:52 fedora kernel: hpet0: 3 comparators, 64-bit 100.000000 MHz counter
Nov 11 07:46:52 fedora kernel: clocksource: Switched to clocksource kvm-clock
Nov 11 07:46:52 fedora kernel: VFS: Disk quotas dquot_6.6.0
Nov 11 07:46:52 fedora kernel: VFS: Dquot-cache hash table entries: 512 (order 0, 4096 bytes)
Nov 11 07:46:52 fedora kernel: pnp: PnP ACPI init
Nov 11 07:46:52 fedora kernel: pnp 00:04: [dma 2]
Nov 11 07:46:52 fedora kernel: pnp: PnP ACPI: found 6 devices
Nov 11 07:46:52 fedora kernel: clocksource: acpi_pm: mask: 0xffffff max_cycles: 0xffffff, max_idle_ns: 2085701024 ns
Nov 11 07:46:52 fedora kernel: NET: Registered PF_INET protocol family
Nov 11 07:46:52 fedora kernel: IP idents hash table entries: 131072 (order: 8, 1048576 bytes, linear)
Nov 11 07:46:52 fedora kernel: tcp_listen_portaddr_hash hash table entries: 4096 (order: 4, 65536 bytes, linear)
Nov 11 07:46:52 fedora kernel: Table-perturb hash table entries: 65536 (order: 6, 262144 bytes, linear)
Nov 11 07:46:52 fedora kernel: TCP established hash table entries: 65536 (order: 7, 524288 bytes, linear)
Nov 11 07:46:52 fedora kernel: TCP bind hash table entries: 65536 (order: 9, 2097152 bytes, linear)
Nov 11 07:46:52 fedora kernel: TCP: Hash tables configured (established 65536 bind 65536)
Nov 11 07:46:52 fedora kernel: MPTCP token hash table entries: 8192 (order: 5, 196608 bytes, linear)
Nov 11 07:46:52 fedora kernel: UDP hash table entries: 4096 (order: 5, 131072 bytes, linear)
Nov 11 07:46:52 fedora kernel: UDP-Lite hash table entries: 4096 (order: 5, 131072 bytes, linear)
Nov 11 07:46:52 fedora kernel: NET: Registered PF_UNIX/PF_LOCAL protocol family
Nov 11 07:46:52 fedora kernel: NET: Registered PF_XDP protocol family
Nov 11 07:46:52 fedora kernel: pci_bus 0000:00: resource 4 [io  0x0000-0x0cf7 window]
Nov 11 07:46:52 fedora kernel: pci_bus 0000:00: resource 5 [io  0x0d00-0xffff window]
Nov 11 07:46:52 fedora kernel: pci_bus 0000:00: resource 6 [mem 0x000a0000-0x000bffff window]
Nov 11 07:46:52 fedora kernel: pci_bus 0000:00: resource 7 [mem 0xc0000000-0xfebfffff window]
Nov 11 07:46:52 fedora kernel: pci_bus 0000:00: resource 8 [mem 0x240000000-0x2bfffffff window]
Nov 11 07:46:52 fedora kernel: pci 0000:00:01.0: PIIX3: Enabling Passive Release
Nov 11 07:46:52 fedora kernel: pci 0000:00:00.0: Limiting direct PCI/PCI transfers
Nov 11 07:46:52 fedora kernel: ACPI: \_SB_.LNKD: Enabled at IRQ 11
Nov 11 07:46:52 fedora kernel: pci 0000:00:01.2: quirk_usb_early_handoff+0x0/0x7d0 took 40325 usecs
Nov 11 07:46:52 fedora kernel: PCI: CLS 0 bytes, default 64
Nov 11 07:46:52 fedora kernel: PCI-DMA: Using software bounce buffering for IO (SWIOTLB)
Nov 11 07:46:52 fedora kernel: software IO TLB: mapped [mem 0x00000000b5af6000-0x00000000b9af6000] (64MB)
Nov 11 07:46:52 fedora kernel: Trying to unpack rootfs image as initramfs...
Nov 11 07:46:52 fedora kernel: clocksource: tsc: mask: 0xffffffffffffffff max_cycles: 0x1e3306b9ada, max_idle_ns: 440795224413 ns
Nov 11 07:46:52 fedora kernel: Initialise system trusted keyrings
Nov 11 07:46:52 fedora kernel: Key type blacklist registered
Nov 11 07:46:52 fedora kernel: workingset: timestamp_bits=36 max_order=21 bucket_order=0
Nov 11 07:46:52 fedora kernel: zbud: loaded
Nov 11 07:46:52 fedora kernel: integrity: Platform Keyring initialized
Nov 11 07:46:52 fedora kernel: integrity: Machine keyring initialized
Nov 11 07:46:52 fedora kernel: NET: Registered PF_ALG protocol family
Nov 11 07:46:52 fedora kernel: xor: automatically using best checksumming function   avx       
Nov 11 07:46:52 fedora kernel: Key type asymmetric registered
Nov 11 07:46:52 fedora kernel: Asymmetric key parser 'x509' registered
Nov 11 07:46:52 fedora kernel: Freeing initrd memory: 103272K
Nov 11 07:46:52 fedora kernel: Block layer SCSI generic (bsg) driver version 0.4 loaded (major 245)
Nov 11 07:46:52 fedora kernel: io scheduler mq-deadline registered
Nov 11 07:46:52 fedora kernel: io scheduler kyber registered
Nov 11 07:46:52 fedora kernel: io scheduler bfq registered
Nov 11 07:46:52 fedora kernel: atomic64_test: passed for x86-64 platform with CX8 and with SSE
Nov 11 07:46:52 fedora kernel: shpchp: Standard Hot Plug PCI Controller Driver version: 0.4
Nov 11 07:46:52 fedora kernel: input: Power Button as /devices/LNXSYSTM:00/LNXPWRBN:00/input/input0
Nov 11 07:46:52 fedora kernel: ACPI: button: Power Button [PWRF]
Nov 11 07:46:52 fedora kernel: ACPI: \_SB_.LNKC: Enabled at IRQ 10
Nov 11 07:46:52 fedora kernel: ACPI: \_SB_.LNKA: Enabled at IRQ 10
Nov 11 07:46:52 fedora kernel: ACPI: \_SB_.LNKB: Enabled at IRQ 11
Nov 11 07:46:52 fedora kernel: Serial: 8250/16550 driver, 32 ports, IRQ sharing enabled
Nov 11 07:46:52 fedora kernel: 00:00: ttyS1 at I/O 0x2f8 (irq = 3, base_baud = 115200) is a 16550A
Nov 11 07:46:52 fedora kernel: 00:01: ttyS0 at I/O 0x3f8 (irq = 4, base_baud = 115200) is a 16550A
Nov 11 07:46:52 fedora kernel: Non-volatile memory driver v1.3
Nov 11 07:46:52 fedora kernel: Linux agpgart interface v0.103
Nov 11 07:46:52 fedora kernel: ACPI: bus type drm_connector registered
Nov 11 07:46:52 fedora kernel: ata_piix 0000:00:01.1: version 2.13
Nov 11 07:46:52 fedora kernel: scsi host0: ata_piix
Nov 11 07:46:52 fedora kernel: scsi host1: ata_piix
Nov 11 07:46:52 fedora kernel: ata1: PATA max MWDMA2 cmd 0x1f0 ctl 0x3f6 bmdma 0xc160 irq 14
Nov 11 07:46:52 fedora kernel: ata2: PATA max MWDMA2 cmd 0x170 ctl 0x376 bmdma 0xc168 irq 15
Nov 11 07:46:52 fedora kernel: uhci_hcd 0000:00:01.2: UHCI Host Controller
Nov 11 07:46:52 fedora kernel: uhci_hcd 0000:00:01.2: new USB bus registered, assigned bus number 1
Nov 11 07:46:52 fedora kernel: uhci_hcd 0000:00:01.2: detected 2 ports
Nov 11 07:46:52 fedora kernel: uhci_hcd 0000:00:01.2: irq 11, io port 0x0000c100
Nov 11 07:46:52 fedora kernel: usb usb1: New USB device found, idVendor=1d6b, idProduct=0001, bcdDevice= 6.05
Nov 11 07:46:52 fedora kernel: usb usb1: New USB device strings: Mfr=3, Product=2, SerialNumber=1
Nov 11 07:46:52 fedora kernel: usb usb1: Product: UHCI Host Controller
Nov 11 07:46:52 fedora kernel: usb usb1: Manufacturer: Linux 6.5.6-300.fc39.x86_64 uhci_hcd
Nov 11 07:46:52 fedora kernel: usb usb1: SerialNumber: 0000:00:01.2
Nov 11 07:46:52 fedora kernel: hub 1-0:1.0: USB hub found
Nov 11 07:46:52 fedora kernel: hub 1-0:1.0: 2 ports detected
Nov 11 07:46:52 fedora kernel: usbcore: registered new interface driver usbserial_generic
Nov 11 07:46:52 fedora kernel: usbserial: USB Serial support registered for generic
Nov 11 07:46:52 fedora kernel: i8042: PNP: PS/2 Controller [PNP0303:KBD,PNP0f13:MOU] at 0x60,0x64 irq 1,12
Nov 11 07:46:52 fedora kernel: serio: i8042 KBD port at 0x60,0x64 irq 1
Nov 11 07:46:52 fedora kernel: serio: i8042 AUX port at 0x60,0x64 irq 12
Nov 11 07:46:52 fedora kernel: mousedev: PS/2 mouse device common for all mice
Nov 11 07:46:52 fedora kernel: rtc_cmos 00:05: RTC can wake from S4
Nov 11 07:46:52 fedora kernel: input: AT Translated Set 2 keyboard as /devices/platform/i8042/serio0/input/input1
Nov 11 07:46:52 fedora kernel: rtc_cmos 00:05: registered as rtc0
Nov 11 07:46:52 fedora kernel: rtc_cmos 00:05: setting system clock to 2023-11-11T07:46:50 UTC (1699688810)
Nov 11 07:46:52 fedora kernel: input: VirtualPS/2 VMware VMMouse as /devices/platform/i8042/serio1/input/input4
Nov 11 07:46:52 fedora kernel: rtc_cmos 00:05: alarms up to one day, y3k, 242 bytes nvram, hpet irqs
Nov 11 07:46:52 fedora kernel: device-mapper: core: CONFIG_IMA_DISABLE_HTABLE is disabled. Duplicate IMA measurements will not be recorded in the IMA log.
Nov 11 07:46:52 fedora kernel: input: VirtualPS/2 VMware VMMouse as /devices/platform/i8042/serio1/input/input3
Nov 11 07:46:52 fedora kernel: device-mapper: uevent: version 1.0.3
Nov 11 07:46:52 fedora kernel: device-mapper: ioctl: 4.48.0-ioctl (2023-03-01) initialised: dm-devel@redhat.com
Nov 11 07:46:52 fedora kernel: intel_pstate: CPU model not supported
Nov 11 07:46:52 fedora kernel: hid: raw HID events driver (C) Jiri Kosina
Nov 11 07:46:52 fedora kernel: usbcore: registered new interface driver usbhid
Nov 11 07:46:52 fedora kernel: usbhid: USB HID core driver
Nov 11 07:46:52 fedora kernel: drop_monitor: Initializing network drop monitor service
Nov 11 07:46:52 fedora kernel: Initializing XFRM netlink socket
Nov 11 07:46:52 fedora kernel: NET: Registered PF_INET6 protocol family
Nov 11 07:46:52 fedora kernel: Segment Routing with IPv6
Nov 11 07:46:52 fedora kernel: RPL Segment Routing with IPv6
Nov 11 07:46:52 fedora kernel: In-situ OAM (IOAM) with IPv6
Nov 11 07:46:52 fedora kernel: mip6: Mobile IPv6
Nov 11 07:46:52 fedora kernel: NET: Registered PF_PACKET protocol family
Nov 11 07:46:52 fedora kernel: No MBM correction factor available
Nov 11 07:46:52 fedora kernel: IPI shorthand broadcast: enabled
Nov 11 07:46:52 fedora kernel: AVX2 version of gcm_enc/dec engaged.
Nov 11 07:46:52 fedora kernel: AES CTR mode by8 optimization enabled
Nov 11 07:46:52 fedora kernel: registered taskstats version 1
Nov 11 07:46:52 fedora kernel: Loading compiled-in X.509 certificates
Nov 11 07:46:52 fedora kernel: Loaded X.509 cert 'Fedora kernel signing key: 8096e35cbead41f260211fbb6aa9a067f06b8413'
Nov 11 07:46:52 fedora kernel: page_owner is disabled
Nov 11 07:46:52 fedora kernel: Key type .fscrypt registered
Nov 11 07:46:52 fedora kernel: Key type fscrypt-provisioning registered
Nov 11 07:46:52 fedora kernel: Btrfs loaded, zoned=yes, fsverity=yes
Nov 11 07:46:52 fedora kernel: Key type big_key registered
Nov 11 07:46:52 fedora kernel: Key type encrypted registered
Nov 11 07:46:52 fedora kernel: ima: No TPM chip found, activating TPM-bypass!
Nov 11 07:46:52 fedora kernel: Loading compiled-in module X.509 certificates
Nov 11 07:46:52 fedora kernel: Loaded X.509 cert 'Fedora kernel signing key: 8096e35cbead41f260211fbb6aa9a067f06b8413'
Nov 11 07:46:52 fedora kernel: ima: Allocated hash algorithm: sha256
Nov 11 07:46:52 fedora kernel: ima: No architecture policies found
Nov 11 07:46:52 fedora kernel: evm: Initialising EVM extended attributes:
Nov 11 07:46:52 fedora kernel: evm: security.selinux
Nov 11 07:46:52 fedora kernel: evm: security.SMACK64 (disabled)
Nov 11 07:46:52 fedora kernel: evm: security.SMACK64EXEC (disabled)
Nov 11 07:46:52 fedora kernel: evm: security.SMACK64TRANSMUTE (disabled)
Nov 11 07:46:52 fedora kernel: evm: security.SMACK64MMAP (disabled)
Nov 11 07:46:52 fedora kernel: evm: security.apparmor (disabled)
Nov 11 07:46:52 fedora kernel: evm: security.ima
Nov 11 07:46:52 fedora kernel: evm: security.capability
Nov 11 07:46:52 fedora kernel: evm: HMAC attrs: 0x1
Nov 11 07:46:52 fedora kernel: alg: No test for 842 (842-scomp)
Nov 11 07:46:52 fedora kernel: alg: No test for 842 (842-generic)
Nov 11 07:46:52 fedora kernel: PM:   Magic number: 15:832:773
Nov 11 07:46:52 fedora kernel: RAS: Correctable Errors collector initialized.
Nov 11 07:46:52 fedora kernel: Unstable clock detected, switching default tracing clock to "global"
                               If you want to keep using the local clock, then add:
                                 "trace_clock=local"
                               on the kernel command line
Nov 11 07:46:52 fedora kernel: clk: Disabling unused clocks
Nov 11 07:46:52 fedora kernel: Freeing unused decrypted memory: 2036K
Nov 11 07:46:52 fedora kernel: Freeing unused kernel image (initmem) memory: 4508K
Nov 11 07:46:52 fedora kernel: Write protecting the kernel read-only data: 34816k
Nov 11 07:46:52 fedora kernel: Freeing unused kernel image (rodata/data gap) memory: 1948K
Nov 11 07:46:52 fedora kernel: x86/mm: Checked W+X mappings: passed, no W+X pages found.
Nov 11 07:46:52 fedora kernel: Run /init as init process
Nov 11 07:46:52 fedora kernel:   with arguments:
Nov 11 07:46:52 fedora kernel:     /init
Nov 11 07:46:52 fedora kernel:   with environment:
Nov 11 07:46:52 fedora kernel:     HOME=/
Nov 11 07:46:52 fedora kernel:     TERM=linux
Nov 11 07:46:52 fedora systemd[1]: systemd 254.5-2.fc39 running in system mode (+PAM +AUDIT +SELINUX -APPARMOR +IMA +SMACK +SECCOMP -GCRYPT +GNUTLS +OPENSSL +ACL +BLKID +CURL +ELFUTILS +FIDO2 +IDN2 -IDN -IPTC +KMOD +LIBCRYPTSETUP +LIBFDISK +PCRE2 +PWQUALITY +P11KIT +QRENCODE +TPM2 +BZIP2 +LZ4 +XZ +ZLIB +ZSTD +BPF_FRAMEWORK +XKBCOMMON +UTMP +SYSVINIT default-hierarchy=unified)
Nov 11 07:46:52 fedora systemd[1]: Detected virtualization kvm.
Nov 11 07:46:52 fedora systemd[1]: Detected architecture x86-64.
Nov 11 07:46:52 fedora systemd[1]: Running in initrd.
Nov 11 07:46:52 fedora systemd[1]: No hostname configured, using default hostname.
Nov 11 07:46:52 fedora systemd[1]: Hostname set to <fedora>.
Nov 11 07:46:52 fedora systemd[1]: Initializing machine ID from VM UUID.
Nov 11 07:46:52 fedora systemd[1]: bpf-lsm: LSM BPF program attached
Nov 11 07:46:52 fedora systemd[1]: Queued start job for default target initrd.target.
Nov 11 07:46:52 fedora systemd[1]: Reached target initrd-root-device.target - Initrd Root Device.
Nov 11 07:46:52 fedora systemd[1]: Reached target slices.target - Slice Units.
Nov 11 07:46:52 fedora systemd[1]: Reached target swap.target - Swaps.
Nov 11 07:46:52 fedora systemd[1]: Reached target timers.target - Timer Units.
Nov 11 07:46:52 fedora systemd[1]: Listening on dbus.socket - D-Bus System Message Bus Socket.
Nov 11 07:46:52 fedora systemd[1]: Listening on iscsid.socket - Open-iSCSI iscsid Socket.
Nov 11 07:46:52 fedora systemd[1]: Listening on iscsiuio.socket - Open-iSCSI iscsiuio Socket.
Nov 11 07:46:52 fedora systemd[1]: Listening on systemd-journald-dev-log.socket - Journal Socket (/dev/log).
Nov 11 07:46:52 fedora systemd[1]: Listening on systemd-journald.socket - Journal Socket.
Nov 11 07:46:52 fedora systemd[1]: Listening on systemd-udevd-control.socket - udev Control Socket.
Nov 11 07:46:52 fedora systemd[1]: Listening on systemd-udevd-kernel.socket - udev Kernel Socket.
Nov 11 07:46:52 fedora systemd[1]: Reached target sockets.target - Socket Units.
Nov 11 07:46:52 fedora systemd[1]: Starting kmod-static-nodes.service - Create List of Static Device Nodes...
Nov 11 07:46:52 fedora systemd[1]: Started rngd.service - Hardware RNG Entropy Gatherer Daemon.
Nov 11 07:46:52 fedora systemd[1]: Starting systemd-journald.service - Journal Service...
Nov 11 07:46:52 fedora systemd[1]: Starting systemd-modules-load.service - Load Kernel Modules...
Nov 11 07:46:52 fedora systemd[1]: Starting systemd-sysusers.service - Create System Users...
Nov 11 07:46:52 fedora systemd-journald[286]: Collecting audit messages is disabled.
Nov 11 07:46:52 fedora systemd[1]: Starting systemd-vconsole-setup.service - Virtual Console Setup...
Nov 11 07:46:52 fedora systemd[1]: Finished kmod-static-nodes.service - Create List of Static Device Nodes.
Nov 11 07:46:52 fedora systemd-journald[286]: Journal started
Nov 11 07:46:52 fedora systemd-journald[286]: Runtime Journal (/run/log/journal/d82e2ad2b4d6457f9933c50dd1c1c6b6) is 8.0M, max 158.5M, 150.5M free.
Nov 11 07:46:52 fedora rngd[285]: Initializing available sources
Nov 11 07:46:52 fedora rngd[285]: [hwrng ]: Initialized
Nov 11 07:46:52 fedora rngd[285]: [rdrand]: Enabling RDSEED rng support
Nov 11 07:46:52 fedora rngd[285]: [rdrand]: Initialized
Nov 11 07:46:52 fedora rngd[285]: [jitter]: JITTER timeout set to 5 sec
Nov 11 07:46:52 fedora rngd[285]: [jitter]: Initializing AES buffer
Nov 11 07:46:52 fedora systemd[1]: Started systemd-journald.service - Journal Service.
Nov 11 07:46:52 fedora systemd-sysusers[288]: Creating group 'users' with GID 100.
Nov 11 07:46:52 fedora systemd-sysusers[288]: Creating group 'dbus' with GID 81.
Nov 11 07:46:52 fedora systemd-sysusers[288]: Creating user 'dbus' (System Message Bus) with UID 81 and GID 81.
Nov 11 07:46:52 fedora systemd[1]: Finished systemd-sysusers.service - Create System Users.
Nov 11 07:46:52 fedora systemd-modules-load[287]: Inserted module 'dm_multipath'
Nov 11 07:46:52 fedora systemd-modules-load[287]: Inserted module 'scsi_dh_alua'
Nov 11 07:46:52 fedora kernel: alua: device handler registered
Nov 11 07:46:52 fedora kernel: emc: device handler registered
Nov 11 07:46:52 fedora systemd-modules-load[287]: Inserted module 'scsi_dh_emc'
Nov 11 07:46:52 fedora kernel: rdac: device handler registered
Nov 11 07:46:52 fedora systemd-modules-load[287]: Inserted module 'scsi_dh_rdac'
Nov 11 07:46:52 fedora systemd[1]: Finished systemd-modules-load.service - Load Kernel Modules.
Nov 11 07:46:52 fedora kernel: hrtimer: interrupt took 4283199 ns
Nov 11 07:46:52 fedora systemd[1]: Starting systemd-sysctl.service - Apply Kernel Variables...
Nov 11 07:46:52 fedora systemd[1]: Starting systemd-tmpfiles-setup-dev.service - Create Static Device Nodes in /dev...
Nov 11 07:46:52 fedora systemd[1]: Starting systemd-tmpfiles-setup.service - Create Volatile Files and Directories...
Nov 11 07:46:52 fedora systemd[1]: Finished systemd-sysctl.service - Apply Kernel Variables.
Nov 11 07:46:53 fedora systemd[1]: Finished systemd-vconsole-setup.service - Virtual Console Setup.
Nov 11 07:46:53 fedora systemd[1]: Finished systemd-tmpfiles-setup-dev.service - Create Static Device Nodes in /dev.
Nov 11 07:46:53 fedora systemd[1]: Finished systemd-tmpfiles-setup.service - Create Volatile Files and Directories.
Nov 11 07:46:53 fedora systemd[1]: Starting dracut-cmdline-ask.service - dracut ask for additional cmdline parameters...
Nov 11 07:46:53 fedora systemd[1]: Finished dracut-cmdline-ask.service - dracut ask for additional cmdline parameters.
Nov 11 07:46:53 fedora systemd[1]: Starting dracut-cmdline.service - dracut cmdline hook...
Nov 11 07:46:53 fedora dracut-cmdline[335]: dracut-39 (Thirty Nine) dracut-059-15.fc39
Nov 11 07:46:53 fedora dracut-cmdline[335]: Using kernel command line parameters:  rd.driver.pre=btrfs   inst.method=https://kojipkgs.fedoraproject.org/compose/39/latest-Fedora-39/compose/Everything/x86_64/os/ inst.ks=file:/ks.cfg
Nov 11 07:46:53 fedora kernel: BIOS EDD facility v0.16 2004-Jun-25, 1 devices found
Nov 11 07:46:53 fedora dracut-cmdline[335]: Loading Fedora 39 x86_64 installer...
Nov 11 07:46:53 fedora dracut-cmdline[335]: anaconda: parsing kickstart /ks.cfg
Nov 11 07:46:56 fedora dracut-cmdline[470]: parse-kickstart WARNING: No device with link found for --device=link
Nov 11 07:46:56 fedora kernel: Loading iSCSI transport class v2.0-870.
Nov 11 07:46:57 fedora rngd[285]: [jitter]: Unable to obtain AES key, disabling JITTER source
Nov 11 07:46:57 fedora rngd[285]: [jitter]: Initialization Failed
Nov 11 07:46:57 fedora rngd[285]: [pkcs11]: No PKCS11 endpoint /usr/lib64/opensc-pkcs11.so found
Nov 11 07:46:57 fedora rngd[285]: [pkcs11]: Install opensc/opensc-pkcs11/etc if you would like to gather smartcard entropy
Nov 11 07:46:57 fedora rngd[285]: [pkcs11]: Initialization Failed
Nov 11 07:46:57 fedora rngd[285]: [rtlsdr]: Initialization Failed
Nov 11 07:46:57 fedora kernel: iscsi: registered transport (tcp)
Nov 11 07:46:57 fedora kernel: iscsi: registered transport (qla4xxx)
Nov 11 07:46:57 fedora kernel: QLogic iSCSI HBA Driver
Nov 11 07:46:57 fedora kernel: libcxgbi:libcxgbi_init_module: Chelsio iSCSI driver library libcxgbi v0.9.1-ko (Apr. 2015)
Nov 11 07:46:57 fedora kernel: Chelsio T3 iSCSI Driver cxgb3i v2.0.1-ko (Apr. 2015)
Nov 11 07:46:57 fedora kernel: iscsi: registered transport (cxgb3i)
Nov 11 07:46:57 fedora kernel: Chelsio T4-T6 iSCSI Driver cxgb4i v0.9.5-ko (Apr. 2015)
Nov 11 07:46:57 fedora kernel: iscsi: registered transport (cxgb4i)
Nov 11 07:46:57 fedora kernel: cxgb4i:cxgb4i_init_module: cxgb4i dcb enabled.
Nov 11 07:46:57 fedora kernel: cnic: QLogic cnicDriver v2.5.22 (July 20, 2015)
Nov 11 07:46:57 fedora kernel: QLogic NetXtreme II iSCSI Driver bnx2i v2.7.10.1 (Jul 16, 2014)
Nov 11 07:46:57 fedora kernel: iscsi: registered transport (bnx2i)
Nov 11 07:46:57 fedora kernel: iscsi: registered transport (be2iscsi)
Nov 11 07:46:57 fedora kernel: In beiscsi_module_init, tt=000000007f005d09
Nov 11 07:46:57 fedora systemd[1]: Finished dracut-cmdline.service - dracut cmdline hook.
Nov 11 07:46:57 fedora systemd[1]: Starting dracut-pre-udev.service - dracut pre-udev hook...
Nov 11 07:46:57 fedora kernel: squashfs: version 4.0 (2009/01/31) Phillip Lougher
Nov 11 07:46:57 fedora kernel: hp_sw: device handler registered
Nov 11 07:46:57 fedora kernel: No iBFT detected.
Nov 11 07:46:57 fedora kernel: async_tx: api initialized (async)
Nov 11 07:46:58 fedora kernel: device-mapper: multipath round-robin: version 1.2.0 loaded
Nov 11 07:46:58 fedora kernel: RPC: Registered named UNIX socket transport module.
Nov 11 07:46:58 fedora kernel: RPC: Registered udp transport module.
Nov 11 07:46:58 fedora kernel: RPC: Registered tcp transport module.
Nov 11 07:46:58 fedora kernel: RPC: Registered tcp-with-tls transport module.
Nov 11 07:46:58 fedora kernel: RPC: Registered tcp NFSv4.1 backchannel transport module.
Nov 11 07:46:58 fedora rpc.statd[966]: Version 2.6.3 starting
Nov 11 07:46:58 fedora rpc.statd[966]: Initializing NSM state
Nov 11 07:46:58 fedora rpc.statd[966]: Running as root.  chown /var/lib/nfs/statd to choose different user
Nov 11 07:46:58 fedora rpc.idmapd[971]: Setting log level to 0
Nov 11 07:46:58 fedora rpc.idmapd[971]: libnfsidmap: Unable to determine the NFSv4 domain; Using 'localdomain' as the NFSv4 domain which means UIDs will be mapped to the 'Nobody-User' user defined in /etc/idmapd.conf
Nov 11 07:46:58 fedora systemd[1]: Finished dracut-pre-udev.service - dracut pre-udev hook.
Nov 11 07:46:58 fedora systemd[1]: Starting systemd-udevd.service - Rule-based Manager for Device Events and Files...
Nov 11 07:46:58 fedora systemd-udevd[989]: Using default interface naming scheme 'v253'.
Nov 11 07:46:58 fedora systemd[1]: Started systemd-udevd.service - Rule-based Manager for Device Events and Files.
Nov 11 07:46:58 fedora systemd[1]: Starting dracut-pre-trigger.service - dracut pre-trigger hook...
Nov 11 07:46:58 fedora lldpad[1008]: config file failed to load,
Nov 11 07:46:58 fedora lldpad[1008]: create a new file.
Nov 11 07:46:58 fedora lldpad[1008]: bound ctrl iface to /com/intel/lldpad
Nov 11 07:46:58 fedora dracut-pre-trigger[1010]: 1009
Nov 11 07:46:59 fedora dracut-pre-trigger[993]: rd.md=0: removing MD RAID activation
Nov 11 07:46:59 fedora systemd[1]: Finished dracut-pre-trigger.service - dracut pre-trigger hook.
Nov 11 07:46:59 fedora systemd[1]: Starting systemd-udev-trigger.service - Coldplug All udev Devices...
Nov 11 07:46:59 fedora systemd[1]: Created slice system-modprobe.slice - Slice /system/modprobe.
Nov 11 07:46:59 fedora systemd[1]: Starting modprobe@configfs.service - Load Kernel Module configfs...
Nov 11 07:46:59 fedora systemd[1]: Finished systemd-udev-trigger.service - Coldplug All udev Devices.
Nov 11 07:46:59 fedora systemd[1]: modprobe@configfs.service: Deactivated successfully.
Nov 11 07:46:59 fedora systemd[1]: Finished modprobe@configfs.service - Load Kernel Module configfs.
Nov 11 07:46:59 fedora systemd[1]: Mounting sys-kernel-config.mount - Kernel Configuration File System...
Nov 11 07:46:59 fedora systemd[1]: Starting nm-initrd.service...
Nov 11 07:46:59 fedora systemd[1]: Starting plymouth-start.service - Show Plymouth Boot Screen...
Nov 11 07:46:59 fedora systemd[1]: Starting systemd-udev-settle.service - Wait for udev To Complete Device Initialization...
Nov 11 07:46:59 fedora systemd[1]: Mounted sys-kernel-config.mount - Kernel Configuration File System.
Nov 11 07:46:59 fedora NetworkManager[1103]: <info>  [1699688819.4119] NetworkManager (version 1.44.0-1.fc39) is starting... (boot:826a536d-40ca-4e0c-a777-ef7d47852df4)
Nov 11 07:46:59 fedora NetworkManager[1103]: <info>  [1699688819.4121] Read config: /etc/NetworkManager/NetworkManager.conf (lib: initrd-no-auto-default.conf) (run: 15-carrier-timeout.conf)
Nov 11 07:46:59 fedora systemd[1]: Received SIGRTMIN+20 from PID 1107 (plymouthd).
Nov 11 07:46:59 fedora udevadm[1105]: systemd-udev-settle.service is deprecated. Please fix multipathd-configure.service not to pull it in.
Nov 11 07:46:59 fedora systemd[1]: Starting dbus-broker.service - D-Bus System Message Bus...
Nov 11 07:46:59 fedora systemd[1]: Started dbus-broker.service - D-Bus System Message Bus.
Nov 11 07:46:59 fedora dbus-broker-launch[1112]: Ready
Nov 11 07:46:59 fedora kernel: dbus-broker-lau[1112]: memfd_create() called without MFD_EXEC or MFD_NOEXEC_SEAL set
Nov 11 07:46:59 fedora kernel: cirrus 0000:00:02.0: vgaarb: deactivate vga console
Nov 11 07:46:59 fedora kernel: FDC 0 is a S82078B
Nov 11 07:46:59 fedora NetworkManager[1103]: <info>  [1699688819.5225] manager[0x56400be37770]: monitoring kernel firmware directory '/lib/firmware'.
Nov 11 07:46:59 fedora NetworkManager[1103]: <info>  [1699688819.5315] hostname: hostname: couldn't get property from hostnamed
Nov 11 07:46:59 fedora kernel: virtio_blk virtio2: 6/0/0 default/read/poll queues
Nov 11 07:46:59 fedora NetworkManager[1103]: <info>  [1699688819.5358] dns-mgr: init: dns=default,systemd-resolved rc-manager=symlink (auto)
Nov 11 07:46:59 fedora kernel: virtio_blk virtio2: [vda] 10485760 512-byte logical blocks (5.37 GB/5.00 GiB)
Nov 11 07:46:59 fedora kernel: virtio_net virtio0 ens3: renamed from eth0
Nov 11 07:46:59 fedora kernel: Console: switching to colour dummy device 80x25
Nov 11 07:46:59 fedora kernel: [drm] Initialized cirrus 2.0.0 2019 for 0000:00:02.0 on minor 0
Nov 11 07:46:59 fedora systemd[1]: systemd-vconsole-setup.service: Deactivated successfully.
Nov 11 07:46:59 fedora kernel: fbcon: cirrusdrmfb (fb0) is primary device
Nov 11 07:46:59 fedora systemd[1]: Stopped systemd-vconsole-setup.service - Virtual Console Setup.
Nov 11 07:46:59 fedora NetworkManager[1103]: <info>  [1699688819.6502] manager[0x56400be37770]: rfkill: Wi-Fi hardware radio set enabled
Nov 11 07:46:59 fedora NetworkManager[1103]: <info>  [1699688819.6503] manager[0x56400be37770]: rfkill: WWAN hardware radio set enabled
Nov 11 07:46:59 fedora NetworkManager[1103]: <info>  [1699688819.6545] Loaded device plugin: NMTeamFactory (/usr/lib64/NetworkManager/1.44.0-1.fc39/libnm-device-plugin-team.so)
Nov 11 07:46:59 fedora NetworkManager[1103]: <info>  [1699688819.6547] manager: rfkill: Wi-Fi enabled by radio killswitch; enabled by state file
Nov 11 07:46:59 fedora NetworkManager[1103]: <info>  [1699688819.6548] manager: rfkill: WWAN enabled by radio killswitch; enabled by state file
Nov 11 07:46:59 fedora NetworkManager[1103]: <info>  [1699688819.6549] manager: Networking is enabled by state file
Nov 11 07:46:59 fedora NetworkManager[1103]: <info>  [1699688819.6553] settings: Loaded settings plugin: keyfile (internal)
Nov 11 07:46:59 fedora kernel: Console: switching to colour frame buffer device 128x48
Nov 11 07:46:59 fedora NetworkManager[1103]: <info>  [1699688819.6655] dhcp: init: Using DHCP client 'internal'
Nov 11 07:46:59 fedora NetworkManager[1103]: <info>  [1699688819.6661] manager: (lo): new Loopback device (/org/freedesktop/NetworkManager/Devices/1)
Nov 11 07:46:59 fedora kernel: cirrus 0000:00:02.0: [drm] fb0: cirrusdrmfb frame buffer device
Nov 11 07:46:59 fedora NetworkManager[1103]: <info>  [1699688819.6707] device (lo): state change: unmanaged -> unavailable (reason 'connection-assumed', sys-iface-state: 'external')
Nov 11 07:46:59 fedora NetworkManager[1103]: <info>  [1699688819.6717] device (lo): state change: unavailable -> disconnected (reason 'connection-assumed', sys-iface-state: 'external')
Nov 11 07:46:59 fedora NetworkManager[1103]: <info>  [1699688819.6730] device (lo): Activation: starting connection 'lo' (54dfb768-ffa8-4c16-bef4-839da8c9c31d)
Nov 11 07:46:59 fedora NetworkManager[1103]: <info>  [1699688819.6742] manager: (ens3): new Ethernet device (/org/freedesktop/NetworkManager/Devices/2)
Nov 11 07:46:59 fedora NetworkManager[1103]: <info>  [1699688819.6758] bus-manager: acquired D-Bus service "org.freedesktop.NetworkManager"
Nov 11 07:46:59 fedora systemd[1]: Stopping systemd-vconsole-setup.service - Virtual Console Setup...
Nov 11 07:46:59 fedora NetworkManager[1103]: <info>  [1699688819.6852] device (lo): state change: disconnected -> prepare (reason 'none', sys-iface-state: 'external')
Nov 11 07:46:59 fedora NetworkManager[1103]: <info>  [1699688819.6858] device (lo): state change: prepare -> config (reason 'none', sys-iface-state: 'external')
Nov 11 07:46:59 fedora NetworkManager[1103]: <info>  [1699688819.6861] device (lo): state change: config -> ip-config (reason 'none', sys-iface-state: 'external')
Nov 11 07:46:59 fedora NetworkManager[1103]: <info>  [1699688819.6871] device (lo): state change: ip-config -> ip-check (reason 'none', sys-iface-state: 'external')
Nov 11 07:46:59 fedora NetworkManager[1103]: <info>  [1699688819.6881] device (ens3): state change: unmanaged -> unavailable (reason 'managed', sys-iface-state: 'external')
Nov 11 07:46:59 fedora NetworkManager[1103]: <info>  [1699688819.6982] device (ens3): carrier: link connected
Nov 11 07:46:59 fedora NetworkManager[1103]: <info>  [1699688819.6993] device (lo): state change: ip-check -> secondaries (reason 'none', sys-iface-state: 'external')
Nov 11 07:46:59 fedora NetworkManager[1103]: <info>  [1699688819.7034] device (ens3): state change: unavailable -> disconnected (reason 'carrier-changed', sys-iface-state: 'managed')
Nov 11 07:46:59 fedora NetworkManager[1103]: <info>  [1699688819.7045] device (lo): state change: secondaries -> activated (reason 'none', sys-iface-state: 'external')
Nov 11 07:46:59 fedora systemd[1]: Starting systemd-vconsole-setup.service - Virtual Console Setup...
Nov 11 07:46:59 fedora NetworkManager[1103]: <info>  [1699688819.7062] device (lo): Activation: successful, device activated.
Nov 11 07:46:59 fedora systemd[1]: Started plymouth-start.service - Show Plymouth Boot Screen.
Nov 11 07:46:59 fedora NetworkManager[1103]: <info>  [1699688819.7076] policy: auto-activating connection 'Wired Connection' (deefb442-2ce3-4354-a2b4-b7e227bda688)
Nov 11 07:46:59 fedora NetworkManager[1103]: <info>  [1699688819.7090] device (ens3): Activation: starting connection 'Wired Connection' (deefb442-2ce3-4354-a2b4-b7e227bda688)
Nov 11 07:46:59 fedora NetworkManager[1103]: <info>  [1699688819.7093] device (ens3): state change: disconnected -> prepare (reason 'none', sys-iface-state: 'managed')
Nov 11 07:46:59 fedora systemd[1]: Started nm-initrd.service.
Nov 11 07:46:59 fedora NetworkManager[1103]: <info>  [1699688819.7102] manager: NetworkManager state is now CONNECTING
Nov 11 07:46:59 fedora NetworkManager[1103]: <info>  [1699688819.7108] device (ens3): state change: prepare -> config (reason 'none', sys-iface-state: 'managed')
Nov 11 07:46:59 fedora NetworkManager[1103]: <info>  [1699688819.7124] device (ens3): state change: config -> ip-config (reason 'none', sys-iface-state: 'managed')
Nov 11 07:46:59 fedora NetworkManager[1103]: <info>  [1699688819.7135] dhcp4 (ens3): activation: beginning transaction (timeout in 90 seconds)
Nov 11 07:46:59 fedora systemd[1]: systemd-ask-password-console.path - Dispatch Password Requests to Console Directory Watch was skipped because of an unmet condition check (ConditionPathExists=!/run/plymouth/pid).
Nov 11 07:46:59 fedora systemd[1]: Started systemd-ask-password-plymouth.path - Forward Password Requests to Plymouth Directory Watch.
Nov 11 07:46:59 fedora systemd[1]: Reached target cryptsetup.target - Local Encrypted Volumes.
Nov 11 07:46:59 fedora systemd[1]: Reached target network.target - Network.
Nov 11 07:46:59 fedora systemd[1]: Reached target paths.target - Path Units.
Nov 11 07:46:59 fedora systemd[1]: Starting nm-wait-online-initrd.service...
Nov 11 07:46:59 fedora systemd[1]: systemd-vconsole-setup.service: Deactivated successfully.
Nov 11 07:46:59 fedora systemd[1]: Stopped systemd-vconsole-setup.service - Virtual Console Setup.
Nov 11 07:46:59 fedora systemd[1]: Starting systemd-vconsole-setup.service - Virtual Console Setup...
Nov 11 07:46:59 fedora kernel: 8021q: 802.1Q VLAN Support v1.8
Nov 11 07:46:59 fedora kernel: 8021q: adding VLAN 0 to HW filter on device ens3
Nov 11 07:46:59 fedora systemd[1]: Finished systemd-udev-settle.service - Wait for udev To Complete Device Initialization.
Nov 11 07:46:59 fedora systemd[1]: multipathd-configure.service - Device-Mapper Multipath Default Configuration was skipped because of an unmet condition check (ConditionPathExists=!/etc/multipath.conf).
Nov 11 07:46:59 fedora systemd[1]: Starting multipathd.service - Device-Mapper Multipath Device Controller...
Nov 11 07:46:59 fedora systemd[1]: Finished systemd-vconsole-setup.service - Virtual Console Setup.
Nov 11 07:47:00 fedora multipathd[1165]: multipathd v0.9.5: start up
Nov 11 07:47:00 fedora multipathd[1165]: reconfigure: setting up paths and maps
Nov 11 07:47:00 fedora systemd[1]: Started multipathd.service - Device-Mapper Multipath Device Controller.
Nov 11 07:47:00 fedora systemd[1]: Reached target local-fs-pre.target - Preparation for Local File Systems.
Nov 11 07:47:00 fedora systemd[1]: Reached target local-fs.target - Local File Systems.
Nov 11 07:47:00 fedora systemd[1]: Reached target sysinit.target - System Initialization.
Nov 11 07:47:00 fedora systemd[1]: Reached target basic.target - Basic System.
Nov 11 07:47:02 fedora NetworkManager[1103]: <info>  [1699688822.7202] dhcp4 (ens3): state changed new lease, address=192.168.122.41
Nov 11 07:47:02 fedora NetworkManager[1103]: <info>  [1699688822.7219] policy: set 'Wired Connection' (ens3) as default for IPv4 routing and DNS
Nov 11 07:47:02 fedora NetworkManager[1103]: <info>  [1699688822.7341] device (ens3): state change: ip-config -> ip-check (reason 'none', sys-iface-state: 'managed')
Nov 11 07:47:02 fedora NetworkManager[1103]: <info>  [1699688822.7409] device (ens3): state change: ip-check -> secondaries (reason 'none', sys-iface-state: 'managed')
Nov 11 07:47:02 fedora NetworkManager[1103]: <info>  [1699688822.7415] device (ens3): state change: secondaries -> activated (reason 'none', sys-iface-state: 'managed')
Nov 11 07:47:02 fedora NetworkManager[1103]: <info>  [1699688822.7425] manager: NetworkManager state is now CONNECTED_SITE
Nov 11 07:47:02 fedora NetworkManager[1103]: <info>  [1699688822.7435] device (ens3): Activation: successful, device activated.
Nov 11 07:47:02 fedora NetworkManager[1103]: <info>  [1699688822.7442] manager: NetworkManager state is now CONNECTED_GLOBAL
Nov 11 07:47:02 fedora NetworkManager[1103]: <info>  [1699688822.7450] manager: startup complete
Nov 11 07:47:02 fedora systemd[1]: Finished nm-wait-online-initrd.service.
Nov 11 07:47:02 fedora systemd[1]: Starting dracut-initqueue.service - dracut initqueue hook...
Nov 11 07:47:02 fedora systemd[1]: Reloading requested from client PID 1189 ('systemctl') (unit dracut-initqueue.service)...
Nov 11 07:47:02 fedora systemd[1]: Reloading...
Nov 11 07:47:03 fedora systemd[1]: Reloading finished in 269 ms.
Nov 11 07:47:03 fedora dracut-initqueue[1176]: anaconda: stage2 locations are: https://kojipkgs.fedoraproject.org/compose/39/latest-Fedora-39/compose/Everything/x86_64/os/
Nov 11 07:47:03 fedora dracut-initqueue[1176]: anaconda: fetching stage2 from https://kojipkgs.fedoraproject.org/compose/39/latest-Fedora-39/compose/Everything/x86_64/os/
Nov 11 07:47:03 fedora dracut-initqueue[1176]: Warning: can't find installer main image path in .treeinfo
Nov 11 07:47:03 fedora dracut-initqueue[1307]:   % Total    % Received % Xferd  Average Speed   Time    Time     Time  Current
Nov 11 07:47:03 fedora dracut-initqueue[1307]:                                  Dload  Upload   Total   Spent    Left  Speed
Nov 11 07:47:11 fedora dracut-initqueue[1307]: [790B blob data]
Nov 11 07:47:11 fedora dracut-initqueue[1176]: anaconda: successfully fetched stage2 from https://kojipkgs.fedoraproject.org/compose/39/latest-Fedora-39/compose/Everything/x86_64/os/
Nov 11 07:47:11 fedora dracut-initqueue[1391]: Unknown device "/dev//tmp/curl_fetch_url1/install.img": No such device
Nov 11 07:47:11 fedora dracut-initqueue[1392]: Unknown device "/sys/": No such device
Nov 11 07:47:11 fedora kernel: loop: module loaded
Nov 11 07:47:11 fedora kernel: loop0: detected capacity change from 0 to 1114648
Nov 11 07:47:12 fedora systemd[1]: Reloading requested from client PID 1416 ('systemctl') (unit dracut-initqueue.service)...
Nov 11 07:47:12 fedora systemd[1]: Reloading...
Nov 11 07:47:12 fedora systemd[1]: Reloading finished in 347 ms.
Nov 11 07:47:12 fedora systemd[1]: run-initramfs-squashfs.mount: Deactivated successfully.
Nov 11 07:47:19 fedora systemd[1]: Finished dracut-initqueue.service - dracut initqueue hook.
Nov 11 07:47:19 fedora systemd[1]: Reached target remote-fs-pre.target - Preparation for Remote File Systems.
Nov 11 07:47:19 fedora systemd[1]: Reached target remote-cryptsetup.target - Remote Encrypted Volumes.
Nov 11 07:47:19 fedora systemd[1]: Reached target remote-fs.target - Remote File Systems.
Nov 11 07:47:19 fedora systemd[1]: Starting dracut-pre-mount.service - dracut pre-mount hook...
Nov 11 07:47:19 fedora systemd[1]: Finished dracut-pre-mount.service - dracut pre-mount hook.
Nov 11 07:47:19 fedora systemd[1]: Reached target initrd-root-fs.target - Initrd Root File System.
Nov 11 07:47:19 fedora systemd[1]: Starting initrd-parse-etc.service - Mountpoints Configured in the Real Root...
Nov 11 07:47:19 fedora systemd[1]: Stopping multipathd.service - Device-Mapper Multipath Device Controller...
Nov 11 07:47:19 fedora multipathd[1165]: multipathd: shut down
Nov 11 07:47:19 fedora systemd[1]: initrd-parse-etc.service: Deactivated successfully.
Nov 11 07:47:19 fedora systemd[1]: Finished initrd-parse-etc.service - Mountpoints Configured in the Real Root.
Nov 11 07:47:19 fedora systemd[1]: Reached target initrd-fs.target - Initrd File Systems.
Nov 11 07:47:19 fedora systemd[1]: Reached target initrd.target - Initrd Default Target.
Nov 11 07:47:19 fedora systemd[1]: Starting dracut-mount.service - dracut mount hook...
Nov 11 07:47:19 fedora systemd[1]: multipathd.service: Deactivated successfully.
Nov 11 07:47:19 fedora systemd[1]: Stopped multipathd.service - Device-Mapper Multipath Device Controller.
Nov 11 07:47:19 fedora kernel: overlayfs: failed to resolve '/run/overlayfs': -2
Nov 11 07:47:19 fedora dracut-mount[2143]: mount: /sysroot: special device LiveOS_rootfs does not exist.
Nov 11 07:47:19 fedora dracut-mount[2143]:        dmesg(1) may have more information after failed mount system call.
Nov 11 07:47:20 fedora systemd[1]: Finished dracut-mount.service - dracut mount hook.
Nov 11 07:47:20 fedora systemd[1]: Starting dracut-pre-pivot.service - dracut pre-pivot and cleanup hook...
Nov 11 07:47:21 fedora rpc.idmapd[971]: exiting on signal 15
Nov 11 07:47:22 fedora systemd[1]: var-lib-nfs-rpc_pipefs.mount: Deactivated successfully.
Nov 11 07:47:22 fedora systemd[1]: Finished dracut-pre-pivot.service - dracut pre-pivot and cleanup hook.
Nov 11 07:47:22 fedora systemd[1]: Starting initrd-cleanup.service - Cleaning Up and Shutting Down Daemons...
Nov 11 07:47:22 fedora systemd[1]: Stopped target network.target - Network.
Nov 11 07:47:22 fedora systemd[1]: Stopped target remote-cryptsetup.target - Remote Encrypted Volumes.
Nov 11 07:47:22 fedora systemd[1]: Stopped target timers.target - Timer Units.
Nov 11 07:47:22 fedora systemd[1]: dracut-pre-pivot.service: Deactivated successfully.
Nov 11 07:47:22 fedora systemd[1]: Stopped dracut-pre-pivot.service - dracut pre-pivot and cleanup hook.
Nov 11 07:47:22 fedora systemd[1]: dracut-pre-pivot.service: Consumed 5.003s CPU time.
Nov 11 07:47:22 fedora systemd[1]: Stopped target initrd.target - Initrd Default Target.
Nov 11 07:47:22 fedora systemd[1]: Stopped target basic.target - Basic System.
Nov 11 07:47:22 fedora systemd[1]: Stopped target initrd-root-device.target - Initrd Root Device.
Nov 11 07:47:22 fedora systemd[1]: Stopped target paths.target - Path Units.
Nov 11 07:47:22 fedora systemd[1]: Stopped target remote-fs.target - Remote File Systems.
Nov 11 07:47:22 fedora systemd[1]: Stopped target remote-fs-pre.target - Preparation for Remote File Systems.
Nov 11 07:47:22 fedora systemd[1]: Stopped target slices.target - Slice Units.
Nov 11 07:47:22 fedora systemd[1]: Stopped target sockets.target - Socket Units.
Nov 11 07:47:22 fedora systemd[1]: Stopped target sysinit.target - System Initialization.
Nov 11 07:47:22 fedora systemd[1]: Stopped target local-fs.target - Local File Systems.
Nov 11 07:47:22 fedora systemd[1]: Stopped target local-fs-pre.target - Preparation for Local File Systems.
Nov 11 07:47:22 fedora systemd[1]: Stopped target swap.target - Swaps.
Nov 11 07:47:22 fedora systemd[1]: iscsid.socket: Deactivated successfully.
Nov 11 07:47:22 fedora systemd[1]: Closed iscsid.socket - Open-iSCSI iscsid Socket.
Nov 11 07:47:22 fedora systemd[1]: iscsiuio.socket: Deactivated successfully.
Nov 11 07:47:22 fedora systemd[1]: Closed iscsiuio.socket - Open-iSCSI iscsiuio Socket.
Nov 11 07:47:22 fedora dbus-broker[1113]: Dispatched 1521 messages @ 2(23)s / message.
Nov 11 07:47:22 fedora systemd[1]: Stopping dbus-broker.service - D-Bus System Message Bus...
Nov 11 07:47:22 fedora systemd[1]: dracut-mount.service: Deactivated successfully.
Nov 11 07:47:22 fedora systemd[1]: Stopped dracut-mount.service - dracut mount hook.
Nov 11 07:47:22 fedora systemd[1]: dracut-pre-mount.service: Deactivated successfully.
Nov 11 07:47:22 fedora systemd[1]: Stopped dracut-pre-mount.service - dracut pre-mount hook.
Nov 11 07:47:22 fedora systemd[1]: Stopped target cryptsetup.target - Local Encrypted Volumes.
Nov 11 07:47:22 fedora systemd[1]: dracut-initqueue.service: Deactivated successfully.
Nov 11 07:47:22 fedora systemd[1]: Stopped dracut-initqueue.service - dracut initqueue hook.
Nov 11 07:47:22 fedora systemd[1]: dracut-initqueue.service: Consumed 9.328s CPU time.
Nov 11 07:47:22 fedora systemd[1]: kmod-static-nodes.service: Deactivated successfully.
Nov 11 07:47:22 fedora systemd[1]: Stopped kmod-static-nodes.service - Create List of Static Device Nodes.
Nov 11 07:47:22 fedora systemd[1]: nm-wait-online-initrd.service: Deactivated successfully.
Nov 11 07:47:22 fedora systemd[1]: Stopped nm-wait-online-initrd.service.
Nov 11 07:47:22 fedora systemd[1]: Stopping nm-initrd.service...
Nov 11 07:47:22 fedora NetworkManager[1103]: <info>  [1699688842.1891] caught SIGTERM, shutting down normally.
Nov 11 07:47:22 fedora NetworkManager[1103]: <info>  [1699688842.1925] dhcp4 (ens3): canceled DHCP transaction
Nov 11 07:47:22 fedora NetworkManager[1103]: <info>  [1699688842.1926] dhcp4 (ens3): activation: beginning transaction (timeout in 90 seconds)
Nov 11 07:47:22 fedora NetworkManager[1103]: <info>  [1699688842.1926] dhcp4 (ens3): state changed no lease
Nov 11 07:47:22 fedora NetworkManager[1103]: <info>  [1699688842.1929] manager: NetworkManager state is now CONNECTED_SITE
Nov 11 07:47:22 fedora NetworkManager[1103]: <info>  [1699688842.1933] exiting (success)
Nov 11 07:47:22 fedora systemd[1]: Starting plymouth-switch-root.service - Plymouth switch root service...
Nov 11 07:47:22 fedora systemd[1]: systemd-sysctl.service: Deactivated successfully.
Nov 11 07:47:22 fedora systemd[1]: Stopped systemd-sysctl.service - Apply Kernel Variables.
Nov 11 07:47:22 fedora systemd[1]: systemd-modules-load.service: Deactivated successfully.
Nov 11 07:47:22 fedora systemd[1]: Stopped systemd-modules-load.service - Load Kernel Modules.
Nov 11 07:47:22 fedora systemd[1]: systemd-udev-settle.service: Deactivated successfully.
Nov 11 07:47:22 fedora systemd[1]: Stopped systemd-udev-settle.service - Wait for udev To Complete Device Initialization.
Nov 11 07:47:22 fedora systemd[1]: nm-initrd.service: Deactivated successfully.
Nov 11 07:47:22 fedora systemd[1]: Stopped nm-initrd.service.
Nov 11 07:47:22 fedora systemd[1]: dbus-broker.service: Deactivated successfully.
Nov 11 07:47:22 fedora systemd[1]: Stopped dbus-broker.service - D-Bus System Message Bus.
Nov 11 07:47:22 fedora systemd[1]: Finished plymouth-switch-root.service - Plymouth switch root service.
Nov 11 07:47:22 fedora systemd[1]: dbus.socket: Deactivated successfully.
Nov 11 07:47:22 fedora systemd[1]: Closed dbus.socket - D-Bus System Message Bus Socket.
Nov 11 07:47:22 fedora systemd[1]: systemd-tmpfiles-setup.service: Deactivated successfully.
Nov 11 07:47:22 fedora systemd[1]: Stopped systemd-tmpfiles-setup.service - Create Volatile Files and Directories.
Nov 11 07:47:22 fedora systemd[1]: systemd-udev-trigger.service: Deactivated successfully.
Nov 11 07:47:22 fedora systemd[1]: Stopped systemd-udev-trigger.service - Coldplug All udev Devices.
Nov 11 07:47:22 fedora systemd[1]: dracut-pre-trigger.service: Deactivated successfully.
Nov 11 07:47:22 fedora systemd[1]: Stopped dracut-pre-trigger.service - dracut pre-trigger hook.
Nov 11 07:47:22 fedora systemd[1]: Stopping systemd-udevd.service - Rule-based Manager for Device Events and Files...
Nov 11 07:47:22 fedora systemd[1]: initrd-cleanup.service: Deactivated successfully.
Nov 11 07:47:22 fedora systemd[1]: Finished initrd-cleanup.service - Cleaning Up and Shutting Down Daemons.
Nov 11 07:47:22 fedora systemd[1]: systemd-udevd.service: Deactivated successfully.
Nov 11 07:47:22 fedora systemd[1]: Stopped systemd-udevd.service - Rule-based Manager for Device Events and Files.
Nov 11 07:47:22 fedora systemd[1]: systemd-udevd.service: Consumed 1.222s CPU time.
Nov 11 07:47:22 fedora systemd[1]: systemd-udevd-control.socket: Deactivated successfully.
Nov 11 07:47:22 fedora systemd[1]: Closed systemd-udevd-control.socket - udev Control Socket.
Nov 11 07:47:22 fedora systemd[1]: systemd-udevd-kernel.socket: Deactivated successfully.
Nov 11 07:47:22 fedora systemd[1]: Closed systemd-udevd-kernel.socket - udev Kernel Socket.
Nov 11 07:47:22 fedora systemd[1]: dracut-pre-udev.service: Deactivated successfully.
Nov 11 07:47:22 fedora systemd[1]: Stopped dracut-pre-udev.service - dracut pre-udev hook.
Nov 11 07:47:22 fedora systemd[1]: dracut-pre-udev.service: Consumed 1.328s CPU time.
Nov 11 07:47:22 fedora systemd[1]: dracut-cmdline.service: Deactivated successfully.
Nov 11 07:47:22 fedora systemd[1]: Stopped dracut-cmdline.service - dracut cmdline hook.
Nov 11 07:47:22 fedora systemd[1]: dracut-cmdline.service: Consumed 3.095s CPU time.
Nov 11 07:47:22 fedora systemd[1]: dracut-cmdline-ask.service: Deactivated successfully.
Nov 11 07:47:22 fedora systemd[1]: Stopped dracut-cmdline-ask.service - dracut ask for additional cmdline parameters.
Nov 11 07:47:22 fedora systemd[1]: Starting initrd-udevadm-cleanup-db.service - Cleanup udev Database...
Nov 11 07:47:22 fedora systemd[1]: Stopping rngd.service - Hardware RNG Entropy Gatherer Daemon...
Nov 11 07:47:22 fedora rngd[285]: [hwrng ]: Shutting down
Nov 11 07:47:22 fedora rngd[285]: [rdrand]: Shutting down
Nov 11 07:47:22 fedora systemd[1]: systemd-tmpfiles-setup-dev.service: Deactivated successfully.
Nov 11 07:47:22 fedora systemd[1]: Stopped systemd-tmpfiles-setup-dev.service - Create Static Device Nodes in /dev.
Nov 11 07:47:22 fedora systemd[1]: systemd-sysusers.service: Deactivated successfully.
Nov 11 07:47:22 fedora systemd[1]: Stopped systemd-sysusers.service - Create System Users.
Nov 11 07:47:22 fedora systemd[1]: rngd.service: Deactivated successfully.
Nov 11 07:47:22 fedora systemd[1]: Stopped rngd.service - Hardware RNG Entropy Gatherer Daemon.
Nov 11 07:47:22 fedora systemd[1]: rngd.service: Consumed 14.675s CPU time.
Nov 11 07:47:22 fedora systemd[1]: initrd-udevadm-cleanup-db.service: Deactivated successfully.
Nov 11 07:47:22 fedora systemd[1]: Finished initrd-udevadm-cleanup-db.service - Cleanup udev Database.
Nov 11 07:47:22 fedora systemd[1]: Reached target initrd-switch-root.target - Switch Root.
Nov 11 07:47:22 fedora systemd[1]: Starting initrd-switch-root.service - Switch Root...
Nov 11 07:47:22 fedora systemd[1]: Switching root.
Nov 11 07:47:22 fedora systemd-journald[286]: Journal stopped
Nov 11 07:47:25 fedora systemd-journald[286]: Received SIGTERM from PID 1 (systemd).
Nov 11 07:47:25 fedora kernel: SELinux:  policy capability network_peer_controls=1
Nov 11 07:47:25 fedora kernel: SELinux:  policy capability open_perms=1
Nov 11 07:47:25 fedora kernel: SELinux:  policy capability extended_socket_class=1
Nov 11 07:47:25 fedora kernel: SELinux:  policy capability always_check_network=0
Nov 11 07:47:25 fedora kernel: SELinux:  policy capability cgroup_seclabel=1
Nov 11 07:47:25 fedora kernel: SELinux:  policy capability nnp_nosuid_transition=1
Nov 11 07:47:25 fedora kernel: SELinux:  policy capability genfs_seclabel_symlinks=1
Nov 11 07:47:25 fedora kernel: SELinux:  policy capability ioctl_skip_cloexec=0
Nov 11 07:47:25 fedora kernel: audit: type=1403 audit(1699688843.455:2): auid=4294967295 ses=4294967295 lsm=selinux res=1
Nov 11 07:47:25 fedora systemd[1]: Successfully loaded SELinux policy in 193.862ms.
Nov 11 07:47:25 fedora kernel: audit: type=1400 audit(1699688843.511:3): avc:  denied  { write } for  pid=1 comm="systemd" name="core_pattern" dev="proc" ino=4273 scontext=system_u:system_r:kernel_t:s0 tcontext=system_u:object_r:usermodehelper_t:s0 tclass=file permissive=1
Nov 11 07:47:25 fedora kernel: audit: type=1400 audit(1699688843.519:4): avc:  denied  { read } for  pid=1 comm="systemd" name="net" dev="proc" ino=4026531845 scontext=system_u:system_r:kernel_t:s0 tcontext=system_u:object_r:proc_net_t:s0 tclass=lnk_file permissive=1
Nov 11 07:47:25 fedora kernel: audit: type=1400 audit(1699688843.586:5): avc:  denied  { relabelfrom } for  pid=1 comm="systemd" name="/" dev="sysfs" ino=1 scontext=system_u:system_r:kernel_t:s0 tcontext=system_u:object_r:sysfs_t:s0 tclass=dir permissive=1
Nov 11 07:47:25 fedora kernel: audit: type=1400 audit(1699688843.586:6): avc:  denied  { relabelto } for  pid=1 comm="systemd" name="/" dev="sysfs" ino=1 scontext=system_u:system_r:kernel_t:s0 tcontext=system_u:object_r:sysfs_t:s0 tclass=dir permissive=1
Nov 11 07:47:25 fedora kernel: audit: type=1400 audit(1699688843.586:7): avc:  denied  { relabelfrom } for  pid=1 comm="systemd" name="/" dev="devtmpfs" ino=1 scontext=system_u:system_r:kernel_t:s0 tcontext=system_u:object_r:device_t:s0 tclass=dir permissive=1
Nov 11 07:47:25 fedora kernel: audit: type=1400 audit(1699688843.586:8): avc:  denied  { relabelto } for  pid=1 comm="systemd" name="/" dev="devtmpfs" ino=1 scontext=system_u:system_r:kernel_t:s0 tcontext=system_u:object_r:device_t:s0 tclass=dir permissive=1
Nov 11 07:47:25 fedora kernel: audit: type=1400 audit(1699688843.587:9): avc:  denied  { relabelfrom } for  pid=1 comm="systemd" name="/" dev="tmpfs" ino=1 scontext=system_u:system_r:kernel_t:s0 tcontext=system_u:object_r:tmpfs_t:s0 tclass=dir permissive=1
Nov 11 07:47:25 fedora kernel: audit: type=1400 audit(1699688843.587:10): avc:  denied  { relabelto } for  pid=1 comm="systemd" name="/" dev="tmpfs" ino=1 scontext=system_u:system_r:kernel_t:s0 tcontext=system_u:object_r:tmpfs_t:s0 tclass=dir permissive=1
Nov 11 07:47:25 fedora kernel: audit: type=1400 audit(1699688843.587:11): avc:  denied  { relabelfrom } for  pid=1 comm="systemd" name="/" dev="devpts" ino=1 scontext=system_u:system_r:kernel_t:s0 tcontext=system_u:object_r:devpts_t:s0 tclass=dir permissive=1
Nov 11 07:47:25 fedora systemd[1]: Relabeled /dev, /dev/shm, /run, /sys/fs/cgroup in 68.362ms.
Nov 11 07:47:25 fedora systemd[1]: systemd 254.5-2.fc39 running in system mode (+PAM +AUDIT +SELINUX -APPARMOR +IMA +SMACK +SECCOMP -GCRYPT +GNUTLS +OPENSSL +ACL +BLKID +CURL +ELFUTILS +FIDO2 +IDN2 -IDN -IPTC +KMOD +LIBCRYPTSETUP +LIBFDISK +PCRE2 +PWQUALITY +P11KIT +QRENCODE +TPM2 +BZIP2 +LZ4 +XZ +ZLIB +ZSTD +BPF_FRAMEWORK +XKBCOMMON +UTMP +SYSVINIT default-hierarchy=unified)
Nov 11 07:47:25 fedora systemd[1]: Detected virtualization kvm.
Nov 11 07:47:25 fedora systemd[1]: Detected architecture x86-64.
Nov 11 07:47:25 fedora systemd[1]: Initializing machine ID from VM UUID.
Nov 11 07:47:25 fedora systemd[1]: bpf-lsm: LSM BPF program attached
Nov 11 07:47:25 fedora kernel: zram: Added device: zram0
Nov 11 07:47:25 fedora systemd[1]: initrd-switch-root.service: Deactivated successfully.
Nov 11 07:47:25 fedora systemd[1]: Stopped initrd-switch-root.service - Switch Root.
Nov 11 07:47:25 fedora systemd[1]: systemd-journald.service: Scheduled restart job, restart counter is at 1.
Nov 11 07:47:25 fedora systemd[1]: Created slice system-anaconda\x2dtmux.slice - Slice /system/anaconda-tmux.
Nov 11 07:47:25 fedora systemd[1]: Created slice system-sshd\x2dkeygen.slice - Slice /system/sshd-keygen.
Nov 11 07:47:25 fedora systemd[1]: Created slice system-systemd\x2dzram\x2dsetup.slice - Slice /system/systemd-zram-setup.
Nov 11 07:47:25 fedora systemd[1]: Created slice user.slice - User and Session Slice.
Nov 11 07:47:25 fedora systemd[1]: systemd-ask-password-console.path - Dispatch Password Requests to Console Directory Watch was skipped because of an unmet condition check (ConditionPathExists=!/run/plymouth/pid).
Nov 11 07:47:25 fedora systemd[1]: Set up automount proc-sys-fs-binfmt_misc.automount - Arbitrary Executable File Formats File System Automount Point.
Nov 11 07:47:25 fedora systemd[1]: Reached target cryptsetup.target - Local Encrypted Volumes.
Nov 11 07:47:25 fedora systemd[1]: Stopped target initrd-switch-root.target - Switch Root.
Nov 11 07:47:25 fedora systemd[1]: Stopped target initrd-fs.target - Initrd File Systems.
Nov 11 07:47:25 fedora systemd[1]: Stopped target initrd-root-fs.target - Initrd Root File System.
Nov 11 07:47:25 fedora systemd[1]: Reached target integritysetup.target - Local Integrity Protected Volumes.
Nov 11 07:47:25 fedora systemd[1]: Reached target paths.target - Path Units.
Nov 11 07:47:25 fedora systemd[1]: Reached target slices.target - Slice Units.
Nov 11 07:47:25 fedora systemd[1]: Reached target veritysetup.target - Local Verity Protected Volumes.
Nov 11 07:47:25 fedora systemd[1]: Listening on lvm2-lvmpolld.socket - LVM2 poll daemon socket.
Nov 11 07:47:25 fedora systemd[1]: Listening on systemd-coredump.socket - Process Core Dump Socket.
Nov 11 07:47:25 fedora systemd[1]: Listening on systemd-initctl.socket - initctl Compatibility Named Pipe.
Nov 11 07:47:25 fedora systemd[1]: Listening on systemd-journald-audit.socket - Journal Audit Socket.
Nov 11 07:47:25 fedora systemd[1]: Listening on systemd-udevd-control.socket - udev Control Socket.
Nov 11 07:47:25 fedora systemd[1]: Listening on systemd-udevd-kernel.socket - udev Kernel Socket.
Nov 11 07:47:25 fedora systemd[1]: Listening on systemd-userdbd.socket - User Database Manager Socket.
Nov 11 07:47:25 fedora systemd[1]: Mounting dev-hugepages.mount - Huge Pages File System...
Nov 11 07:47:25 fedora systemd[1]: Mounting dev-mqueue.mount - POSIX Message Queue File System...
Nov 11 07:47:25 fedora systemd[1]: Mounting sys-kernel-debug.mount - Kernel Debug File System...
Nov 11 07:47:25 fedora systemd[1]: Mounting sys-kernel-tracing.mount - Kernel Trace File System...
Nov 11 07:47:25 fedora systemd[1]: iscsi-starter.service was skipped because of an unmet condition check (ConditionDirectoryNotEmpty=/var/lib/iscsi/nodes).
Nov 11 07:47:25 fedora systemd[1]: Starting kmod-static-nodes.service - Create List of Static Device Nodes...
Nov 11 07:47:25 fedora systemd[1]: Starting modprobe@configfs.service - Load Kernel Module configfs...
Nov 11 07:47:25 fedora systemd[1]: Starting modprobe@dm_mod.service - Load Kernel Module dm_mod...
Nov 11 07:47:25 fedora systemd[1]: Starting modprobe@drm.service - Load Kernel Module drm...
Nov 11 07:47:25 fedora systemd[1]: Starting modprobe@efi_pstore.service - Load Kernel Module efi_pstore...
Nov 11 07:47:25 fedora systemd[1]: Starting modprobe@fuse.service - Load Kernel Module fuse...
Nov 11 07:47:25 fedora systemd[1]: Starting modprobe@loop.service - Load Kernel Module loop...
Nov 11 07:47:25 fedora systemd[1]: plymouth-switch-root.service: Deactivated successfully.
Nov 11 07:47:25 fedora systemd[1]: Stopped plymouth-switch-root.service - Plymouth switch root service.
Nov 11 07:47:25 fedora systemd[1]: Starting systemd-journald.service - Journal Service...
Nov 11 07:47:25 fedora kernel: fuse: init (API version 7.38)
Nov 11 07:47:25 fedora systemd[1]: Starting systemd-modules-load.service - Load Kernel Modules...
Nov 11 07:47:25 fedora systemd[1]: Starting systemd-network-generator.service - Generate network units from Kernel command line...
Nov 11 07:47:25 fedora systemd[1]: systemd-pcrmachine.service - TPM2 PCR Machine ID Measurement was skipped because of an unmet condition check (ConditionPathExists=/sys/firmware/efi/efivars/StubPcrKernelImage-4a67b082-0a4c-41cf-b6c7-440b29bb8c4f).
Nov 11 07:47:25 fedora systemd[1]: Starting systemd-remount-fs.service - Remount Root and Kernel File Systems...
Nov 11 07:47:25 fedora systemd[1]: Starting systemd-udev-trigger.service - Coldplug All udev Devices...
Nov 11 07:47:25 fedora systemd[1]: Mounted dev-hugepages.mount - Huge Pages File System.
Nov 11 07:47:25 fedora systemd[1]: Mounted dev-mqueue.mount - POSIX Message Queue File System.
Nov 11 07:47:25 fedora systemd[1]: Mounted sys-kernel-debug.mount - Kernel Debug File System.
Nov 11 07:47:25 fedora systemd[1]: Mounted sys-kernel-tracing.mount - Kernel Trace File System.
Nov 11 07:47:25 fedora systemd-journald[2314]: Collecting audit messages is enabled.
Nov 11 07:47:25 fedora systemd-journald[2314]: Journal started
Nov 11 07:47:25 fedora systemd-journald[2314]: Runtime Journal (/run/log/journal/d82e2ad2b4d6457f9933c50dd1c1c6b6) is 8.0M, max 158.5M, 150.5M free.
Nov 11 07:47:25 fedora audit[2303]: AVC avc:  denied  { mounton } for  pid=2303 comm="mount" path="/dev/hugepages" dev="devtmpfs" ino=358 scontext=system_u:system_r:kernel_t:s0 tcontext=system_u:object_r:hugetlbfs_t:s0 tclass=dir permissive=1
Nov 11 07:47:25 fedora audit[2305]: AVC avc:  denied  { mounton } for  pid=2305 comm="mount" path="/sys/kernel/debug" dev="sysfs" ino=1359 scontext=system_u:system_r:kernel_t:s0 tcontext=system_u:object_r:sysfs_t:s0 tclass=dir permissive=1
Nov 11 07:47:25 fedora systemd[1]: Queued start job for default target anaconda.target.
Nov 11 07:47:25 fedora systemd[1]: systemd-journald.service: Deactivated successfully.
Nov 11 07:47:25 fedora systemd[1]: Finished kmod-static-nodes.service - Create List of Static Device Nodes.
Nov 11 07:47:25 fedora systemd[1]: Started systemd-journald.service - Journal Service.
Nov 11 07:47:25 fedora audit[1]: SERVICE_START pid=1 uid=0 auid=4294967295 ses=4294967295 subj=system_u:system_r:kernel_t:s0 msg='unit=kmod-static-nodes comm="systemd" exe="/usr/lib/systemd/systemd" hostname=? addr=? terminal=? res=success'
Nov 11 07:47:25 fedora audit[1]: SERVICE_START pid=1 uid=0 auid=4294967295 ses=4294967295 subj=system_u:system_r:kernel_t:s0 msg='unit=systemd-journald comm="systemd" exe="/usr/lib/systemd/systemd" hostname=? addr=? terminal=? res=success'
Nov 11 07:47:25 fedora systemd[1]: modprobe@configfs.service: Deactivated successfully.
Nov 11 07:47:25 fedora systemd[1]: Finished modprobe@configfs.service - Load Kernel Module configfs.
Nov 11 07:47:25 fedora audit[1]: SERVICE_START pid=1 uid=0 auid=4294967295 ses=4294967295 subj=system_u:system_r:kernel_t:s0 msg='unit=modprobe@configfs comm="systemd" exe="/usr/lib/systemd/systemd" hostname=? addr=? terminal=? res=success'
Nov 11 07:47:25 fedora audit[1]: SERVICE_STOP pid=1 uid=0 auid=4294967295 ses=4294967295 subj=system_u:system_r:kernel_t:s0 msg='unit=modprobe@configfs comm="systemd" exe="/usr/lib/systemd/systemd" hostname=? addr=? terminal=? res=success'
Nov 11 07:47:25 fedora systemd[1]: modprobe@dm_mod.service: Deactivated successfully.
Nov 11 07:47:25 fedora systemd[1]: Finished modprobe@dm_mod.service - Load Kernel Module dm_mod.
Nov 11 07:47:25 fedora audit[1]: SERVICE_START pid=1 uid=0 auid=4294967295 ses=4294967295 subj=system_u:system_r:kernel_t:s0 msg='unit=modprobe@dm_mod comm="systemd" exe="/usr/lib/systemd/systemd" hostname=? addr=? terminal=? res=success'
Nov 11 07:47:25 fedora audit[1]: SERVICE_STOP pid=1 uid=0 auid=4294967295 ses=4294967295 subj=system_u:system_r:kernel_t:s0 msg='unit=modprobe@dm_mod comm="systemd" exe="/usr/lib/systemd/systemd" hostname=? addr=? terminal=? res=success'
Nov 11 07:47:25 fedora systemd[1]: modprobe@drm.service: Deactivated successfully.
Nov 11 07:47:25 fedora systemd[1]: Finished modprobe@drm.service - Load Kernel Module drm.
Nov 11 07:47:25 fedora audit[1]: SERVICE_START pid=1 uid=0 auid=4294967295 ses=4294967295 subj=system_u:system_r:kernel_t:s0 msg='unit=modprobe@drm comm="systemd" exe="/usr/lib/systemd/systemd" hostname=? addr=? terminal=? res=success'
Nov 11 07:47:25 fedora audit[1]: SERVICE_STOP pid=1 uid=0 auid=4294967295 ses=4294967295 subj=system_u:system_r:kernel_t:s0 msg='unit=modprobe@drm comm="systemd" exe="/usr/lib/systemd/systemd" hostname=? addr=? terminal=? res=success'
Nov 11 07:47:25 fedora systemd[1]: modprobe@efi_pstore.service: Deactivated successfully.
Nov 11 07:47:25 fedora systemd[1]: Finished modprobe@efi_pstore.service - Load Kernel Module efi_pstore.
Nov 11 07:47:25 fedora audit[1]: SERVICE_START pid=1 uid=0 auid=4294967295 ses=4294967295 subj=system_u:system_r:kernel_t:s0 msg='unit=modprobe@efi_pstore comm="systemd" exe="/usr/lib/systemd/systemd" hostname=? addr=? terminal=? res=success'
Nov 11 07:47:25 fedora audit[1]: SERVICE_STOP pid=1 uid=0 auid=4294967295 ses=4294967295 subj=system_u:system_r:kernel_t:s0 msg='unit=modprobe@efi_pstore comm="systemd" exe="/usr/lib/systemd/systemd" hostname=? addr=? terminal=? res=success'
Nov 11 07:47:25 fedora systemd[1]: modprobe@fuse.service: Deactivated successfully.
Nov 11 07:47:25 fedora systemd[1]: Finished modprobe@fuse.service - Load Kernel Module fuse.
Nov 11 07:47:25 fedora audit[1]: SERVICE_START pid=1 uid=0 auid=4294967295 ses=4294967295 subj=system_u:system_r:kernel_t:s0 msg='unit=modprobe@fuse comm="systemd" exe="/usr/lib/systemd/systemd" hostname=? addr=? terminal=? res=success'
Nov 11 07:47:25 fedora audit[1]: SERVICE_STOP pid=1 uid=0 auid=4294967295 ses=4294967295 subj=system_u:system_r:kernel_t:s0 msg='unit=modprobe@fuse comm="systemd" exe="/usr/lib/systemd/systemd" hostname=? addr=? terminal=? res=success'
Nov 11 07:47:25 fedora systemd[1]: modprobe@loop.service: Deactivated successfully.
Nov 11 07:47:25 fedora systemd[1]: Finished modprobe@loop.service - Load Kernel Module loop.
Nov 11 07:47:25 fedora audit[1]: SERVICE_START pid=1 uid=0 auid=4294967295 ses=4294967295 subj=system_u:system_r:kernel_t:s0 msg='unit=modprobe@loop comm="systemd" exe="/usr/lib/systemd/systemd" hostname=? addr=? terminal=? res=success'
Nov 11 07:47:25 fedora audit[1]: SERVICE_STOP pid=1 uid=0 auid=4294967295 ses=4294967295 subj=system_u:system_r:kernel_t:s0 msg='unit=modprobe@loop comm="systemd" exe="/usr/lib/systemd/systemd" hostname=? addr=? terminal=? res=success'
Nov 11 07:47:25 fedora systemd[1]: Finished systemd-modules-load.service - Load Kernel Modules.
Nov 11 07:47:25 fedora audit[1]: SERVICE_START pid=1 uid=0 auid=4294967295 ses=4294967295 subj=system_u:system_r:kernel_t:s0 msg='unit=systemd-modules-load comm="systemd" exe="/usr/lib/systemd/systemd" hostname=? addr=? terminal=? res=success'
Nov 11 07:47:25 fedora systemd[1]: Finished systemd-network-generator.service - Generate network units from Kernel command line.
Nov 11 07:47:25 fedora audit[1]: SERVICE_START pid=1 uid=0 auid=4294967295 ses=4294967295 subj=system_u:system_r:kernel_t:s0 msg='unit=systemd-network-generator comm="systemd" exe="/usr/lib/systemd/systemd" hostname=? addr=? terminal=? res=success'
Nov 11 07:47:25 fedora systemd[1]: Finished systemd-remount-fs.service - Remount Root and Kernel File Systems.
Nov 11 07:47:25 fedora audit[1]: SERVICE_START pid=1 uid=0 auid=4294967295 ses=4294967295 subj=system_u:system_r:kernel_t:s0 msg='unit=systemd-remount-fs comm="systemd" exe="/usr/lib/systemd/systemd" hostname=? addr=? terminal=? res=success'
Nov 11 07:47:25 fedora systemd[1]: Finished systemd-udev-trigger.service - Coldplug All udev Devices.
Nov 11 07:47:25 fedora audit[1]: SERVICE_START pid=1 uid=0 auid=4294967295 ses=4294967295 subj=system_u:system_r:kernel_t:s0 msg='unit=systemd-udev-trigger comm="systemd" exe="/usr/lib/systemd/systemd" hostname=? addr=? terminal=? res=success'
Nov 11 07:47:25 fedora systemd[1]: Reached target network-pre.target - Preparation for Network.
Nov 11 07:47:25 fedora systemd[1]: Mounting sys-fs-fuse-connections.mount - FUSE Control File System...
Nov 11 07:47:25 fedora systemd[1]: iscsi-onboot.service - Special handling of early boot iSCSI sessions was skipped because of an unmet condition check (ConditionDirectoryNotEmpty=/sys/class/iscsi_session).
Nov 11 07:47:25 fedora systemd[1]: Starting multipathd.service - Device-Mapper Multipath Device Controller...
Nov 11 07:47:25 fedora systemd[1]: ostree-remount.service - OSTree Remount OS/ Bind Mounts was skipped because of an unmet condition check (ConditionKernelCommandLine=ostree).
Nov 11 07:47:25 fedora systemd[1]: Starting systemd-hwdb-update.service - Rebuild Hardware Database...
Nov 11 07:47:25 fedora systemd[1]: Starting systemd-journal-flush.service - Flush Journal to Persistent Storage...
Nov 11 07:47:25 fedora systemd[1]: systemd-pstore.service - Platform Persistent Storage Archival was skipped because of an unmet condition check (ConditionDirectoryNotEmpty=/sys/fs/pstore).
Nov 11 07:47:25 fedora systemd[1]: Starting systemd-random-seed.service - Load/Save OS Random Seed...
Nov 11 07:47:25 fedora systemd[1]: systemd-repart.service - Repartition Root Disk was skipped because no trigger condition checks were met.
Nov 11 07:47:25 fedora systemd[1]: Starting systemd-sysctl.service - Apply Kernel Variables...
Nov 11 07:47:25 fedora systemd[1]: Starting systemd-tmpfiles-setup-dev-early.service - Create Static Device Nodes in /dev gracefully...
Nov 11 07:47:25 fedora systemd-journald[2314]: Runtime Journal (/run/log/journal/d82e2ad2b4d6457f9933c50dd1c1c6b6) is 8.0M, max 158.5M, 150.5M free.
Nov 11 07:47:25 fedora systemd-journald[2314]: Received client request to flush runtime journal.
Nov 11 07:47:25 fedora systemd[1]: Starting systemd-udev-settle.service - Wait for udev To Complete Device Initialization...
Nov 11 07:47:25 fedora systemd[1]: Mounted sys-fs-fuse-connections.mount - FUSE Control File System.
Nov 11 07:47:25 fedora systemd[1]: Finished systemd-journal-flush.service - Flush Journal to Persistent Storage.
Nov 11 07:47:25 fedora audit[1]: SERVICE_START pid=1 uid=0 auid=4294967295 ses=4294967295 subj=system_u:system_r:kernel_t:s0 msg='unit=systemd-journal-flush comm="systemd" exe="/usr/lib/systemd/systemd" hostname=? addr=? terminal=? res=success'
Nov 11 07:47:25 fedora systemd[1]: Finished systemd-random-seed.service - Load/Save OS Random Seed.
Nov 11 07:47:25 fedora audit[1]: SERVICE_START pid=1 uid=0 auid=4294967295 ses=4294967295 subj=system_u:system_r:kernel_t:s0 msg='unit=systemd-random-seed comm="systemd" exe="/usr/lib/systemd/systemd" hostname=? addr=? terminal=? res=success'
Nov 11 07:47:25 fedora audit[1]: AVC avc:  denied  { compute_av } for  pid=1 comm="systemd" scontext=system_u:system_r:kernel_t:s0 tcontext=system_u:object_r:security_t:s0 tclass=security permissive=1
Nov 11 07:47:25 fedora audit[1]: USER_AVC pid=1 uid=0 auid=4294967295 ses=4294967295 subj=system_u:system_r:kernel_t:s0 msg='avc:  denied  { status } for auid=n/a uid=0 gid=0 path="/usr/lib/systemd/system/systemd-udev-settle.service" cmdline="" function="mac_selinux_filter" scontext=system_u:system_r:kernel_t:s0 tcontext=system_u:object_r:mock_var_lib_t:s0 tclass=service permissive=1 exe="/usr/lib/systemd/systemd" sauid=0 hostname=? addr=? terminal=?'
Nov 11 07:47:25 fedora udevadm[2342]: systemd-udev-settle.service is deprecated. Please fix anaconda-pre.service, anaconda-direct.service, anaconda.target not to pull it in.
Nov 11 07:47:25 fedora audit[2339]: AVC avc:  denied  { write } for  pid=2339 comm="systemd-sysctl" name="ptrace_scope" dev="proc" ino=16542 scontext=system_u:system_r:kernel_t:s0 tcontext=system_u:object_r:sysctl_kernel_t:s0 tclass=file permissive=1
Nov 11 07:47:25 fedora audit[2339]: SYSCALL arch=c000003e syscall=257 success=yes exit=4 a0=ffffff9c a1=7ffe63778bb0 a2=80102 a3=0 items=0 ppid=1 pid=2339 auid=4294967295 uid=0 gid=0 euid=0 suid=0 fsuid=0 egid=0 sgid=0 fsgid=0 tty=(none) ses=4294967295 comm="systemd-sysctl" exe="/usr/lib/systemd/systemd-sysctl" subj=system_u:system_r:kernel_t:s0 key=(null)
Nov 11 07:47:25 fedora audit: PROCTITLE proctitle="/usr/lib/systemd/systemd-sysctl"
Nov 11 07:47:25 fedora audit[2339]: AVC avc:  denied  { read write } for  pid=2339 comm="systemd-sysctl" name="max_map_count" dev="proc" ino=16544 scontext=system_u:system_r:kernel_t:s0 tcontext=system_u:object_r:sysctl_vm_t:s0 tclass=file permissive=1
Nov 11 07:47:25 fedora audit[2339]: AVC avc:  denied  { open } for  pid=2339 comm="systemd-sysctl" path="/proc/sys/vm/max_map_count" dev="proc" ino=16544 scontext=system_u:system_r:kernel_t:s0 tcontext=system_u:object_r:sysctl_vm_t:s0 tclass=file permissive=1
Nov 11 07:47:25 fedora audit[2339]: SYSCALL arch=c000003e syscall=257 success=yes exit=4 a0=ffffff9c a1=7ffe63778bb0 a2=80102 a3=0 items=0 ppid=1 pid=2339 auid=4294967295 uid=0 gid=0 euid=0 suid=0 fsuid=0 egid=0 sgid=0 fsgid=0 tty=(none) ses=4294967295 comm="systemd-sysctl" exe="/usr/lib/systemd/systemd-sysctl" subj=system_u:system_r:kernel_t:s0 key=(null)
Nov 11 07:47:25 fedora audit: PROCTITLE proctitle="/usr/lib/systemd/systemd-sysctl"
Nov 11 07:47:25 fedora audit[2339]: AVC avc:  denied  { getattr } for  pid=2339 comm="systemd-sysctl" path="/proc/sys/vm/max_map_count" dev="proc" ino=16544 scontext=system_u:system_r:kernel_t:s0 tcontext=system_u:object_r:sysctl_vm_t:s0 tclass=file permissive=1
Nov 11 07:47:25 fedora audit[2339]: SYSCALL arch=c000003e syscall=262 success=yes exit=0 a0=4 a1=7f52098b1bd5 a2=7ffe637789c0 a3=1000 items=0 ppid=1 pid=2339 auid=4294967295 uid=0 gid=0 euid=0 suid=0 fsuid=0 egid=0 sgid=0 fsgid=0 tty=(none) ses=4294967295 comm="systemd-sysctl" exe="/usr/lib/systemd/systemd-sysctl" subj=system_u:system_r:kernel_t:s0 key=(null)
Nov 11 07:47:25 fedora audit: PROCTITLE proctitle="/usr/lib/systemd/systemd-sysctl"
Nov 11 07:47:25 fedora audit[2339]: AVC avc:  denied  { read write } for  pid=2339 comm="systemd-sysctl" name="suid_dumpable" dev="proc" ino=16546 scontext=system_u:system_r:kernel_t:s0 tcontext=system_u:object_r:proc_security_t:s0 tclass=file permissive=1
Nov 11 07:47:25 fedora audit[2339]: AVC avc:  denied  { open } for  pid=2339 comm="systemd-sysctl" path="/proc/sys/fs/suid_dumpable" dev="proc" ino=16546 scontext=system_u:system_r:kernel_t:s0 tcontext=system_u:object_r:proc_security_t:s0 tclass=file permissive=1
Nov 11 07:47:25 fedora audit[2339]: SYSCALL arch=c000003e syscall=257 success=yes exit=4 a0=ffffff9c a1=7ffe63778bb0 a2=80102 a3=0 items=0 ppid=1 pid=2339 auid=4294967295 uid=0 gid=0 euid=0 suid=0 fsuid=0 egid=0 sgid=0 fsgid=0 tty=(none) ses=4294967295 comm="systemd-sysctl" exe="/usr/lib/systemd/systemd-sysctl" subj=system_u:system_r:kernel_t:s0 key=(null)
Nov 11 07:47:25 fedora audit: PROCTITLE proctitle="/usr/lib/systemd/systemd-sysctl"
Nov 11 07:47:25 fedora audit[2339]: AVC avc:  denied  { getattr } for  pid=2339 comm="systemd-sysctl" path="/proc/sys/fs/suid_dumpable" dev="proc" ino=16546 scontext=system_u:system_r:kernel_t:s0 tcontext=system_u:object_r:proc_security_t:s0 tclass=file permissive=1
Nov 11 07:47:25 fedora audit[2339]: SYSCALL arch=c000003e syscall=262 success=yes exit=0 a0=4 a1=7f52098b1bd5 a2=7ffe637789c0 a3=1000 items=0 ppid=1 pid=2339 auid=4294967295 uid=0 gid=0 euid=0 suid=0 fsuid=0 egid=0 sgid=0 fsgid=0 tty=(none) ses=4294967295 comm="systemd-sysctl" exe="/usr/lib/systemd/systemd-sysctl" subj=system_u:system_r:kernel_t:s0 key=(null)
Nov 11 07:47:25 fedora audit: PROCTITLE proctitle="/usr/lib/systemd/systemd-sysctl"
Nov 11 07:47:25 fedora audit[2339]: AVC avc:  denied  { read write } for  pid=2339 comm="systemd-sysctl" name="rp_filter" dev="proc" ino=16552 scontext=system_u:system_r:kernel_t:s0 tcontext=system_u:object_r:sysctl_net_t:s0 tclass=file permissive=1
